Component: Arm Compiler for Embedded 6.22 Tool: armlink [5ee90200]

==============================================================================

Section Cross References

    startup_stm32f405xx.o(STACK) refers (Special) to heapauxi.o(.text) for __use_two_region_memory
    startup_stm32f405xx.o(HEAP) refers (Special) to heapauxi.o(.text) for __use_two_region_memory
    startup_stm32f405xx.o(RESET) refers (Special) to heapauxi.o(.text) for __use_two_region_memory
    startup_stm32f405xx.o(RESET) refers to startup_stm32f405xx.o(STACK) for __initial_sp
    startup_stm32f405xx.o(RESET) refers to startup_stm32f405xx.o(.text) for Reset_Handler
    startup_stm32f405xx.o(RESET) refers to stm32f4xx_it.o(.text.NMI_Handler) for NMI_Handler
    startup_stm32f405xx.o(RESET) refers to stm32f4xx_it.o(.text.HardFault_Handler) for HardFault_Handler
    startup_stm32f405xx.o(RESET) refers to stm32f4xx_it.o(.text.MemManage_Handler) for MemManage_Handler
    startup_stm32f405xx.o(RESET) refers to stm32f4xx_it.o(.text.BusFault_Handler) for BusFault_Handler
    startup_stm32f405xx.o(RESET) refers to stm32f4xx_it.o(.text.UsageFault_Handler) for UsageFault_Handler
    startup_stm32f405xx.o(RESET) refers to port.o(.text.SVC_Handler) for SVC_Handler
    startup_stm32f405xx.o(RESET) refers to stm32f4xx_it.o(.text.DebugMon_Handler) for DebugMon_Handler
    startup_stm32f405xx.o(RESET) refers to port.o(.text.PendSV_Handler) for PendSV_Handler
    startup_stm32f405xx.o(RESET) refers to cmsis_os2.o(.text.SysTick_Handler) for SysTick_Handler
    startup_stm32f405xx.o(RESET) refers to stm32f4xx_it.o(.text.DMA1_Stream1_IRQHandler) for DMA1_Stream1_IRQHandler
    startup_stm32f405xx.o(RESET) refers to stm32f4xx_it.o(.text.DMA1_Stream2_IRQHandler) for DMA1_Stream2_IRQHandler
    startup_stm32f405xx.o(RESET) refers to stm32f4xx_it.o(.text.DMA1_Stream3_IRQHandler) for DMA1_Stream3_IRQHandler
    startup_stm32f405xx.o(RESET) refers to stm32f4xx_it.o(.text.DMA1_Stream5_IRQHandler) for DMA1_Stream5_IRQHandler
    startup_stm32f405xx.o(RESET) refers to stm32f4xx_it.o(.text.DMA1_Stream6_IRQHandler) for DMA1_Stream6_IRQHandler
    startup_stm32f405xx.o(RESET) refers to stm32f4xx_it.o(.text.TIM1_UP_TIM10_IRQHandler) for TIM1_UP_TIM10_IRQHandler
    startup_stm32f405xx.o(RESET) refers to stm32f4xx_it.o(.text.USART2_IRQHandler) for USART2_IRQHandler
    startup_stm32f405xx.o(RESET) refers to stm32f4xx_it.o(.text.USART3_IRQHandler) for USART3_IRQHandler
    startup_stm32f405xx.o(RESET) refers to stm32f4xx_it.o(.text.DMA2_Stream0_IRQHandler) for DMA2_Stream0_IRQHandler
    startup_stm32f405xx.o(.text) refers (Special) to heapauxi.o(.text) for __use_two_region_memory
    startup_stm32f405xx.o(.text) refers to system_stm32f4xx.o(.text.SystemInit) for SystemInit
    startup_stm32f405xx.o(.text) refers to __main.o(!!!main) for __main
    startup_stm32f405xx.o(.text) refers to startup_stm32f405xx.o(HEAP) for Heap_Mem
    startup_stm32f405xx.o(.text) refers to startup_stm32f405xx.o(STACK) for Stack_Mem
    main.o(.text.main) refers to stm32f4xx_hal.o(.text.HAL_Init) for HAL_Init
    main.o(.text.main) refers to main.o(.text.SystemClock_Config) for SystemClock_Config
    main.o(.text.main) refers to gpio.o(.text.MX_GPIO_Init) for MX_GPIO_Init
    main.o(.text.main) refers to dma.o(.text.MX_DMA_Init) for MX_DMA_Init
    main.o(.text.main) refers to adc.o(.text.MX_ADC1_Init) for MX_ADC1_Init
    main.o(.text.main) refers to usart.o(.text.MX_USART2_UART_Init) for MX_USART2_UART_Init
    main.o(.text.main) refers to usart.o(.text.MX_USART3_UART_Init) for MX_USART3_UART_Init
    main.o(.text.main) refers to spi.o(.text.MX_SPI1_Init) for MX_SPI1_Init
    main.o(.text.main) refers to tim.o(.text.MX_TIM3_Init) for MX_TIM3_Init
    main.o(.text.main) refers to start.o(.text.Handle_Start) for Handle_Start
    main.o(.text.main) refers to cmsis_os2.o(.text.osKernelInitialize) for osKernelInitialize
    main.o(.text.main) refers to freertos.o(.text.MX_FREERTOS_Init) for MX_FREERTOS_Init
    main.o(.text.main) refers to cmsis_os2.o(.text.osKernelStart) for osKernelStart
    main.o(.ARM.exidx.text.main) refers to main.o(.text.main) for [Anonymous Symbol]
    main.o(.text.SystemClock_Config) refers to rt_memclr_w.o(.text) for __aeabi_memclr4
    main.o(.text.SystemClock_Config) refers to stm32f4xx_hal_rcc.o(.text.HAL_RCC_OscConfig) for HAL_RCC_OscConfig
    main.o(.text.SystemClock_Config) refers to stm32f4xx_hal_rcc.o(.text.HAL_RCC_ClockConfig) for HAL_RCC_ClockConfig
    main.o(.ARM.exidx.text.SystemClock_Config) refers to main.o(.text.SystemClock_Config) for [Anonymous Symbol]
    main.o(.ARM.exidx.text.Error_Handler) refers to main.o(.text.Error_Handler) for [Anonymous Symbol]
    main.o(.text.HAL_TIM_PeriodElapsedCallback) refers to stm32f4xx_hal.o(.text.HAL_IncTick) for HAL_IncTick
    main.o(.ARM.exidx.text.HAL_TIM_PeriodElapsedCallback) refers to main.o(.text.HAL_TIM_PeriodElapsedCallback) for [Anonymous Symbol]
[...]
    HAL_DMA_IRQHandler                       0x080015b1   Thumb Code   442  stm32f4xx_hal_dma.o(.text.HAL_DMA_IRQHandler)
    HAL_DMA_Init                             0x0800176d   Thumb Code   328  stm32f4xx_hal_dma.o(.text.HAL_DMA_Init)
    HAL_DMA_Start_IT                         0x080018b5   Thumb Code   160  stm32f4xx_hal_dma.o(.text.HAL_DMA_Start_IT)
    HAL_Delay                                0x08001955   Thumb Code    40  stm32f4xx_hal.o(.text.HAL_Delay)
    HAL_GPIO_Init                            0x0800197d   Thumb Code   414  stm32f4xx_hal_gpio.o(.text.HAL_GPIO_Init)
    HAL_GPIO_ReadPin                         0x08001b1d   Thumb Code    10  stm32f4xx_hal_gpio.o(.text.HAL_GPIO_ReadPin)
    HAL_GPIO_WritePin                        0x08001b29   Thumb Code    10  stm32f4xx_hal_gpio.o(.text.HAL_GPIO_WritePin)
    HAL_GetTick                              0x08001b35   Thumb Code    12  stm32f4xx_hal.o(.text.HAL_GetTick)
    HAL_IncTick                              0x08001b41   Thumb Code    26  stm32f4xx_hal.o(.text.HAL_IncTick)
    HAL_Init                                 0x08001b5d   Thumb Code    54  stm32f4xx_hal.o(.text.HAL_Init)
    HAL_InitTick                             0x08001b95   Thumb Code   168  stm32f4xx_hal_timebase_tim.o(.text.HAL_InitTick)
    HAL_MspInit                              0x08001c3d   Thumb Code    66  stm32f4xx_hal_msp.o(.text.HAL_MspInit)
    HAL_NVIC_EnableIRQ                       0x08001c81   Thumb Code    34  stm32f4xx_hal_cortex.o(.text.HAL_NVIC_EnableIRQ)
    HAL_NVIC_SetPriority                     0x08001ca5   Thumb Code    86  stm32f4xx_hal_cortex.o(.text.HAL_NVIC_SetPriority)
    HAL_NVIC_SetPriorityGrouping             0x08001cfd   Thumb Code    32  stm32f4xx_hal_cortex.o(.text.HAL_NVIC_SetPriorityGrouping)
    HAL_RCC_ClockConfig                      0x08001d1d   Thumb Code   352  stm32f4xx_hal_rcc.o(.text.HAL_RCC_ClockConfig)
    HAL_RCC_GetClockConfig                   0x08001e7d   Thumb Code    62  stm32f4xx_hal_rcc.o(.text.HAL_RCC_GetClockConfig)
    HAL_RCC_GetPCLK1Freq                     0x08001ebd   Thumb Code    38  stm32f4xx_hal_rcc.o(.text.HAL_RCC_GetPCLK1Freq)
    HAL_RCC_GetPCLK2Freq                     0x08001ee5   Thumb Code    38  stm32f4xx_hal_rcc.o(.text.HAL_RCC_GetPCLK2Freq)
    HAL_RCC_GetSysClockFreq                  0x08001f0d   Thumb Code   104  stm32f4xx_hal_rcc.o(.text.HAL_RCC_GetSysClockFreq)
    HAL_RCC_OscConfig                        0x08001f75   Thumb Code   880  stm32f4xx_hal_rcc.o(.text.HAL_RCC_OscConfig)
    HAL_SPI_Init                             0x080022e5   Thumb Code   176  stm32f4xx_hal_spi.o(.text.HAL_SPI_Init)
    HAL_SPI_MspInit                          0x08002395   Thumb Code   114  spi.o(.text.HAL_SPI_MspInit)
    HAL_SPI_Transmit                         0x08002409   Thumb Code   546  stm32f4xx_hal_spi.o(.text.HAL_SPI_Transmit)
    HAL_TIMEx_BreakCallback                  0x0800262d   Thumb Code     2  stm32f4xx_hal_tim_ex.o(.text.HAL_TIMEx_BreakCallback)
    HAL_TIMEx_CommutCallback                 0x08002631   Thumb Code     2  stm32f4xx_hal_tim_ex.o(.text.HAL_TIMEx_CommutCallback)
    HAL_TIMEx_MasterConfigSynchronization    0x08002635   Thumb Code   182  stm32f4xx_hal_tim_ex.o(.text.HAL_TIMEx_MasterConfigSynchronization)
    HAL_TIM_Base_Init                        0x080026ed   Thumb Code    90  stm32f4xx_hal_tim.o(.text.HAL_TIM_Base_Init)
    HAL_TIM_Base_MspInit                     0x08002749   Thumb Code   128  tim.o(.text.HAL_TIM_Base_MspInit)
    HAL_TIM_Base_Start_IT                    0x080027c9   Thumb Code   168  stm32f4xx_hal_tim.o(.text.HAL_TIM_Base_Start_IT)
    HAL_TIM_ConfigClockSource                0x08002871   Thumb Code   410  stm32f4xx_hal_tim.o(.text.HAL_TIM_ConfigClockSource)
    HAL_TIM_IC_CaptureCallback               0x08002a0d   Thumb Code     2  stm32f4xx_hal_tim.o(.text.HAL_TIM_IC_CaptureCallback)
    HAL_TIM_IRQHandler                       0x08002a11   Thumb Code   330  stm32f4xx_hal_tim.o(.text.HAL_TIM_IRQHandler)
    HAL_TIM_OC_DelayElapsedCallback          0x08002b5d   Thumb Code     2  stm32f4xx_hal_tim.o(.text.HAL_TIM_OC_DelayElapsedCallback)
    HAL_TIM_PWM_ConfigChannel                0x08002b61   Thumb Code   532  stm32f4xx_hal_tim.o(.text.HAL_TIM_PWM_ConfigChannel)
    HAL_TIM_PWM_Init                         0x08002d75   Thumb Code    90  stm32f4xx_hal_tim.o(.text.HAL_TIM_PWM_Init)
    HAL_TIM_PWM_MspInit                      0x08002dd1   Thumb Code     2  stm32f4xx_hal_tim.o(.text.HAL_TIM_PWM_MspInit)
    HAL_TIM_PWM_PulseFinishedCallback        0x08002dd5   Thumb Code     2  stm32f4xx_hal_tim.o(.text.HAL_TIM_PWM_PulseFinishedCallback)
    HAL_TIM_PeriodElapsedCallback            0x08002dd9   Thumb Code    18  main.o(.text.HAL_TIM_PeriodElapsedCallback)
    HAL_TIM_TriggerCallback                  0x08002ded   Thumb Code     2  stm32f4xx_hal_tim.o(.text.HAL_TIM_TriggerCallback)
    HAL_UARTEx_RxEventCallback               0x08002df1   Thumb Code     2  stm32f4xx_hal_uart.o(.text.HAL_UARTEx_RxEventCallback)
    HAL_UART_ErrorCallback                   0x08002df5   Thumb Code     2  stm32f4xx_hal_uart.o(.text.HAL_UART_ErrorCallback)
    HAL_UART_IRQHandler                      0x08002df9   Thumb Code  1396  stm32f4xx_hal_uart.o(.text.HAL_UART_IRQHandler)
    HAL_UART_Init                            0x0800336d   Thumb Code    96  stm32f4xx_hal_uart.o(.text.HAL_UART_Init)
    HAL_UART_MspInit                         0x080033cd   Thumb Code   482  usart.o(.text.HAL_UART_MspInit)
    HAL_UART_Receive_DMA                     0x080035b1   Thumb Code    36  stm32f4xx_hal_uart.o(.text.HAL_UART_Receive_DMA)
    HAL_UART_RxCpltCallback                  0x080035d5   Thumb Code   124  usart_communication.o(.text.HAL_UART_RxCpltCallback)
    HAL_UART_RxHalfCpltCallback              0x08003651   Thumb Code     2  stm32f4xx_hal_uart.o(.text.HAL_UART_RxHalfCpltCallback)
    HAL_UART_Transmit_DMA                    0x08003655   Thumb Code   210  stm32f4xx_hal_uart.o(.text.HAL_UART_Transmit_DMA)
    HAL_UART_TxCpltCallback                  0x08003729   Thumb Code     2  stm32f4xx_hal_uart.o(.text.HAL_UART_TxCpltCallback)
    HAL_UART_TxHalfCpltCallback              0x0800372d   Thumb Code     2  stm32f4xx_hal_uart.o(.text.HAL_UART_TxHalfCpltCallback)
    Handle_Start                             0x08003731   Thumb Code   420  start.o(.text.Handle_Start)
    HardFault_Handler                        0x08003961   Thumb Code     2  stm32f4xx_it.o(.text.HardFault_Handler)
    InitLowPassFilter                        0x08003969   Thumb Code   104  utility.o(.text.InitLowPassFilter)
    JS_mode_show                             0x080039e1   Thumb Code   234  lcd.o(.text.JS_mode_show)
    JoystickInit                             0x08003acd   Thumb Code   464  keyboard.o(.text.JoystickInit)
    JoystickTask                             0x08003ca1   Thumb Code   158  freertos.o(.text.JoystickTask)
    KeyInit                                  0x08003d41   Thumb Code   570  keyboard.o(.text.KeyInit)
    KeyRead                                  0x08003f7d   Thumb Code    22  keyboard.o(.text.KeyRead)
    KeyScan                                  0x08003f95   Thumb Code   458  keyboard.o(.text.KeyScan)
    KeyTask                                  0x08004161   Thumb Code    92  freertos.o(.text.KeyTask)
    LCDLEDTask                               0x080041bd   Thumb Code    66  freertos.o(.text.LCDLEDTask)
    LCD_Address_Set                          0x08004201   Thumb Code   556  st7735.o(.text.LCD_Address_Set)
    LCD_DrawLine                             0x0800442d   Thumb Code   266  st7735.o(.text.LCD_DrawLine)
    LCD_DrawRectangle                        0x08004539   Thumb Code    82  st7735.o(.text.LCD_DrawRectangle)
    LCD_Fill                                 0x0800458d   Thumb Code   188  st7735.o(.text.LCD_Fill)
    LCD_Init                                 0x08004649   Thumb Code  3482  st7735.o(.text.LCD_Init)
    LCD_ShowChar                             0x080053e5   Thumb Code   590  st7735.o(.text.LCD_ShowChar)
    LCD_ShowFloatNum1                        0x08005635   Thumb Code   368  st7735.o(.text.LCD_ShowFloatNum1)
    LCD_ShowHome                             0x080057a9   Thumb Code    28  lcd.o(.text.LCD_ShowHome)
    LCD_ShowIntNum                           0x080057c5   Thumb Code   644  st7735.o(.text.LCD_ShowIntNum)
    LCD_ShowString                           0x08005a49   Thumb Code    70  st7735.o(.text.LCD_ShowString)
    LCD_flash                                0x08005a91   Thumb Code   484  lcd.o(.text.LCD_flash)
    LowPassFilter                            0x08005c75   Thumb Code    34  utility.o(.text.LowPassFilter)
    MX_ADC1_Init                             0x08005c99   Thumb Code   290  adc.o(.text.MX_ADC1_Init)
    MX_DMA_Init                              0x08005dbd   Thumb Code   156  dma.o(.text.MX_DMA_Init)
    MX_FREERTOS_Init                         0x08005e59   Thumb Code   196  freertos.o(.text.MX_FREERTOS_Init)
    MX_GPIO_Init                             0x08005f1d   Thumb Code   360  gpio.o(.text.MX_GPIO_Init)
    MX_SPI1_Init                             0x08006085   Thumb Code    70  spi.o(.text.MX_SPI1_Init)
    MX_TIM3_Init                             0x080060cd   Thumb Code   264  tim.o(.text.MX_TIM3_Init)
    MX_USART2_UART_Init                      0x080061d5   Thumb Code    60  usart.o(.text.MX_USART2_UART_Init)
    MX_USART3_UART_Init                      0x08006211   Thumb Code    60  usart.o(.text.MX_USART3_UART_Init)
    MemManage_Handler                        0x0800624d   Thumb Code     2  stm32f4xx_it.o(.text.MemManage_Handler)
    MsgAddr                                  0x08006251   Thumb Code    26  msg_type.o(.text.MsgAddr)
    MsgDeal                                  0x0800626d   Thumb Code  1018  tjc.o(.text.MsgDeal)
    MsgLen                                   0x08006669   Thumb Code    12  msg_type.o(.text.MsgLen)
    MsgSend                                  0x08006675   Thumb Code    90  tjc.o(.text.MsgSend)
    NMI_Handler                              0x080066d1   Thumb Code     2  stm32f4xx_it.o(.text.NMI_Handler)
    PendSV_Handler                           0x080066e1   Thumb Code   100  port.o(.text.PendSV_Handler)
    Press                                    0x08006745   Thumb Code   146  msg_type.o(.text.Press)
    R1_Interface                             0x080067d9   Thumb Code   228  lcd.o(.text.R1_Interface)
    R1_TJC_val_show                          0x080068e1   Thumb Code    78  tjc.o(.text.R1_TJC_val_show)
    R1_key_function                          0x08006931   Thumb Code   298  keyboard.o(.text.R1_key_function)
    R1_toggle_function                       0x08006a5d   Thumb Code    52  keyboard.o(.text.R1_toggle_function)
    R1dualswitchval_deal                     0x08006a91   Thumb Code    48  tjc.o(.text.R1dualswitchval_deal)
    R2_Interface                             0x08006ad1   Thumb Code   208  lcd.o(.text.R2_Interface)
    R2_TJC_val_show                          0x08006bbd   Thumb Code   134  tjc.o(.text.R2_TJC_val_show)
    R2_key_function                          0x08006c45   Thumb Code   252  keyboard.o(.text.R2_key_function)
    R2_toggle_function                       0x08006d41   Thumb Code    52  keyboard.o(.text.R2_toggle_function)
    R2dualswitchval_deal                     0x08006d75   Thumb Code   184  tjc.o(.text.R2dualswitchval_deal)
    SVC_Handler                              0x08006f11   Thumb Code    36  port.o(.text.SVC_Handler)
    SysTick_Handler                          0x08006f35   Thumb Code    30  cmsis_os2.o(.text.SysTick_Handler)
    SystemClock_Config                       0x08006f55   Thumb Code   170  main.o(.text.SystemClock_Config)
    SystemInit                               0x08007001   Thumb Code    18  system_stm32f4xx.o(.text.SystemInit)
    TIM1_UP_TIM10_IRQHandler                 0x08007015   Thumb Code    12  stm32f4xx_it.o(.text.TIM1_UP_TIM10_IRQHandler)
    TIM_Base_SetConfig                       0x08007021   Thumb Code   300  stm32f4xx_hal_tim.o(.text.TIM_Base_SetConfig)
    TJCInit                                  0x0800714d   Thumb Code    54  tjc.o(.text.TJCInit)
    TJCmsgTask                               0x08007185   Thumb Code    66  freertos.o(.text.TJCmsgTask)
    TJCshowTask                              0x080071c9   Thumb Code    68  freertos.o(.text.TJCshowTask)
    TempInit                                 0x0800720d   Thumb Code    38  variables.o(.text.TempInit)
    ToggleScan                               0x08007235   Thumb Code   136  keyboard.o(.text.ToggleScan)
    Toggle_status_show                       0x080072bd   Thumb Code   118  lcd.o(.text.Toggle_status_show)
    UART_Start_Receive_DMA                   0x080078c9   Thumb Code   336  stm32f4xx_hal_uart.o(.text.UART_Start_Receive_DMA)
    USART2_IRQHandler                        0x08007a19   Thumb Code    12  stm32f4xx_it.o(.text.USART2_IRQHandler)
    USART3_IRQHandler                        0x08007a25   Thumb Code    12  stm32f4xx_it.o(.text.USART3_IRQHandler)
    UsageFault_Handler                       0x08007a31   Thumb Code     2  stm32f4xx_it.o(.text.UsageFault_Handler)
    Usart2DataFrameInit                      0x08007a35   Thumb Code    32  data_process.o(.text.Usart2DataFrameInit)
    checkCRC                                 0x08007a55   Thumb Code   142  data_process.o(.text.checkCRC)
    dataEncode                               0x08007ae5   Thumb Code   376  data_process.o(.text.dataEncode)
    deQueue                                  0x08007c5d   Thumb Code    56  msg_queue.o(.text.deQueue)
    enQueue                                  0x08007c95   Thumb Code    52  msg_queue.o(.text.enQueue)
    enQueueLen                               0x08007cc9   Thumb Code   128  msg_queue.o(.text.enQueueLen)
    joystickLeft1_scan                       0x08007d49   Thumb Code   316  keyboard.o(.text.joystickLeft1_scan)
    joystickLeft2_scan                       0x08007e85   Thumb Code   196  keyboard.o(.text.joystickLeft2_scan)
    joystickRight_scan                       0x08007f49   Thumb Code   214  keyboard.o(.text.joystickRight_scan)
    main                                     0x08008021   Thumb Code    54  main.o(.text.main)
    newQueue                                 0x08008059   Thumb Code    32  msg_queue.o(.text.newQueue)
    osDelay                                  0x08008079   Thumb Code    32  cmsis_os2.o(.text.osDelay)
    osKernelInitialize                       0x08008099   Thumb Code    40  cmsis_os2.o(.text.osKernelInitialize)
    osKernelStart                            0x080080c1   Thumb Code    60  cmsis_os2.o(.text.osKernelStart)
    osThreadNew                              0x080080fd   Thumb Code   142  cmsis_os2.o(.text.osThreadNew)
    powerSend                                0x0800818d   Thumb Code   136  tjc.o(.text.powerSend)
    power_scan                               0x08008215   Thumb Code    56  keyboard.o(.text.power_scan)
    pvPortMalloc                             0x08008979   Thumb Code   528  heap_4.o(.text.pvPortMalloc)
    pxPortInitialiseStack                    0x08008b89   Thumb Code    36  port.o(.text.pxPortInitialiseStack)
    uxListRemove                             0x08008bad   Thumb Code    34  list.o(.text.uxListRemove)
    vApplicationGetIdleTaskMemory            0x08008bd1   Thumb Code    26  cmsis_os2.o(.text.vApplicationGetIdleTaskMemory)
    vApplicationGetTimerTaskMemory           0x08008bed   Thumb Code    28  cmsis_os2.o(.text.vApplicationGetTimerTaskMemory)
    vApplicationIdleHook                     0x08008c09   Thumb Code     2  freertos.o(.text.vApplicationIdleHook)
    vApplicationStackOverflowHook            0x08008c0d   Thumb Code     2  freertos.o(.text.vApplicationStackOverflowHook)
    vListInitialise                          0x08008c11   Thumb Code    22  list.o(.text.vListInitialise)
    vListInitialiseItem                      0x08008c29   Thumb Code     6  list.o(.text.vListInitialiseItem)
    vListInsert                              0x08008c31   Thumb Code    96  list.o(.text.vListInsert)
    vListInsertEnd                           0x08008c91   Thumb Code    26  list.o(.text.vListInsertEnd)
    vPortEnterCritical                       0x08008cc1   Thumb Code    70  port.o(.text.vPortEnterCritical)
    vPortExitCritical                        0x08008d09   Thumb Code    46  port.o(.text.vPortExitCritical)
    vPortFree                                0x08008d39   Thumb Code   232  heap_4.o(.text.vPortFree)
    vPortSetupTimerInterrupt                 0x08008e21   Thumb Code    52  port.o(.text.vPortSetupTimerInterrupt)
    vQueueAddToRegistry                      0x08008e55   Thumb Code    86  queue.o(.text.vQueueAddToRegistry)
    vQueueWaitForMessageRestricted           0x08008ead   Thumb Code    70  queue.o(.text.vQueueWaitForMessageRestricted)
    vTaskDelay                               0x08008ef5   Thumb Code   170  tasks.o(.text.vTaskDelay)
    vTaskInternalSetTimeOutState             0x08008fa1   Thumb Code    26  tasks.o(.text.vTaskInternalSetTimeOutState)
    vTaskMissedYield                         0x08008fbd   Thumb Code    14  tasks.o(.text.vTaskMissedYield)
    vTaskPlaceOnEventList                    0x08008fcd   Thumb Code   150  tasks.o(.text.vTaskPlaceOnEventList)
    vTaskPlaceOnEventListRestricted          0x08009065   Thumb Code   168  tasks.o(.text.vTaskPlaceOnEventListRestricted)
    vTaskStartScheduler                      0x0800910d   Thumb Code   256  tasks.o(.text.vTaskStartScheduler)
    vTaskSuspendAll                          0x08009215   Thumb Code    16  tasks.o(.text.vTaskSuspendAll)
    vTaskSwitchContext                       0x08009225   Thumb Code   258  tasks.o(.text.vTaskSwitchContext)
    valSend                                  0x08009329   Thumb Code   372  tjc.o(.text.valSend)
    xPortStartScheduler                      0x0800949d   Thumb Code   394  port.o(.text.xPortStartScheduler)
    xPortSysTickHandler                      0x08009629   Thumb Code    46  port.o(.text.xPortSysTickHandler)
    xQueueGenericCreateStatic                0x08009659   Thumb Code   218  queue.o(.text.xQueueGenericCreateStatic)
    xQueueGenericSend                        0x08009735   Thumb Code   664  queue.o(.text.xQueueGenericSend)
    xQueueReceive                            0x080099cd   Thumb Code   548  queue.o(.text.xQueueReceive)
    xTaskCheckForTimeOut                     0x08009bf1   Thumb Code   140  tasks.o(.text.xTaskCheckForTimeOut)
    xTaskCreate                              0x08009c7d   Thumb Code    94  tasks.o(.text.xTaskCreate)
    xTaskCreateStatic                        0x08009cdd   Thumb Code   118  tasks.o(.text.xTaskCreateStatic)
    xTaskGetSchedulerState                   0x08009d55   Thumb Code    38  tasks.o(.text.xTaskGetSchedulerState)
    xTaskGetTickCount                        0x08009d7d   Thumb Code    12  tasks.o(.text.xTaskGetTickCount)
    xTaskIncrementTick                       0x08009d89   Thumb Code   366  tasks.o(.text.xTaskIncrementTick)
    xTaskPriorityDisinherit                  0x08009ef9   Thumb Code   154  tasks.o(.text.xTaskPriorityDisinherit)
    xTaskRemoveFromEventList                 0x08009f95   Thumb Code   142  tasks.o(.text.xTaskRemoveFromEventList)
    xTaskResumeAll                           0x0800a025   Thumb Code   308  tasks.o(.text.xTaskResumeAll)
    xTimerCreateTimerTask                    0x0800a159   Thumb Code   108  timers.o(.text.xTimerCreateTimerTask)
    __aeabi_d2f                              0x0800a1cd   Thumb Code     0  d2f.o(x$fpl$d2f)
    _d2f                                     0x0800a1cd   Thumb Code    98  d2f.o(x$fpl$d2f)
    __aeabi_dadd                             0x0800a231   Thumb Code     0  daddsub_clz.o(x$fpl$dadd)
    _dadd                                    0x0800a231   Thumb Code   332  daddsub_clz.o(x$fpl$dadd)
    __aeabi_ddiv                             0x0800a381   Thumb Code     0  ddiv.o(x$fpl$ddiv)
    _ddiv                                    0x0800a381   Thumb Code   560  ddiv.o(x$fpl$ddiv)
    __aeabi_dmul                             0x0800a639   Thumb Code     0  dmul.o(x$fpl$dmul)
    _dmul                                    0x0800a639   Thumb Code   332  dmul.o(x$fpl$dmul)
    __fpl_dnaninf                            0x0800a78d   Thumb Code   156  dnaninf.o(x$fpl$dnaninf)
    __fpl_dretinf                            0x0800a829   Thumb Code    12  dretinf.o(x$fpl$dretinf)
    __aeabi_dsub                             0x0800a835   Thumb Code     0  daddsub_clz.o(x$fpl$dsub)
    _dsub                                    0x0800a835   Thumb Code   472  daddsub_clz.o(x$fpl$dsub)
    __aeabi_f2d                              0x0800aa11   Thumb Code     0  f2d.o(x$fpl$f2d)
    _f2d                                     0x0800aa11   Thumb Code    86  f2d.o(x$fpl$f2d)
    __fpl_fnaninf                            0x0800aa67   Thumb Code   140  fnaninf.o(x$fpl$fnaninf)
    _fp_init                                 0x0800aaf3   Thumb Code    26  fpinit.o(x$fpl$fpinit)
    __fplib_config_fpu_vfp                   0x0800ab0b   Thumb Code     0  fpinit.o(x$fpl$fpinit)
    __fplib_config_pureend_doubles           0x0800ab0b   Thumb Code     0  fpinit.o(x$fpl$fpinit)
    __fpl_fretinf                            0x0800ab0d   Thumb Code    10  fretinf.o(x$fpl$fretinf)
    AHBPrescTable                            0x0800ab16   Data          16  system_stm32f4xx.o(.rodata.AHBPrescTable)
    __I$use$fp                               0x0800ab16   Number         0  usenofp.o(x$fpl$usenofp)
    APBPrescTable                            0x0800ab26   Data           8  system_stm32f4xx.o(.rodata.APBPrescTable)
    BTmsg_Task_attributes                    0x0800ab30   Data          36  freertos.o(.rodata.BTmsg_Task_attributes)
    Joystick_Task_attributes                 0x0800ab54   Data          36  freertos.o(.rodata.Joystick_Task_attributes)
    Key_Task_attributes                      0x0800ab78   Data          36  freertos.o(.rodata.Key_Task_attributes)
    LCDLED_Task_attributes                   0x0800ab9c   Data          36  freertos.o(.rodata.LCDLED_Task_attributes)
    TJCmsg_Task_attributes                   0x0800abc0   Data          36  freertos.o(.rodata.TJCmsg_Task_attributes)
    TJCshow_Task_attributes                  0x0800abe4   Data          36  freertos.o(.rodata.TJCshow_Task_attributes)
    ascii_1206                               0x0800ac08   Data        1140  st7735.o(.rodata.ascii_1206)
    ascii_1608                               0x0800b07c   Data        1520  st7735.o(.rodata.ascii_1608)
    ascii_2412                               0x0800b66c   Data        4560  st7735.o(.rodata.ascii_2412)
    ascii_3216                               0x0800c83c   Data        6080  st7735.o(.rodata.ascii_3216)
    Region$$Table$$Base                      0x0800e058   Number         0  anon$$obj.o(Region$$Table)
    Region$$Table$$Limit                     0x0800e078   Number         0  anon$$obj.o(Region$$Table)
    Dead_zone                                0x20000000   Data           1  keyboard.o(.data.Dead_zone)
    K                                        0x20000002   Data           2  keyboard.o(.data.K)
    L1val                                    0x20000004   Data          12  keyboard.o(.data.L1val)
    L2val                                    0x20000010   Data          12  keyboard.o(.data.L2val)
    Rval                                     0x2000001c   Data          12  keyboard.o(.data.Rval)
    SystemCoreClock                          0x20000028   Data           4  system_stm32f4xx.o(.data.SystemCoreClock)
    bw                                       0x2000002c   Data         104  bw.o(.data.bw)
    msgbackIndex                             0x20000098   Data           1  tjc.o(.data.msgbackIndex)
    tjcMsg                                   0x2000009c   Data          28  tjc.o(.data.tjcMsg)
    uwTickFreq                               0x200000b8   Data           1  stm32f4xx_hal.o(.data.uwTickFreq)
    uwTickPrio                               0x200000bc   Data           4  stm32f4xx_hal.o(.data.uwTickPrio)
    __libspace_start                         0x200000c8   Data          96  libspace.o(.bss)
    ADC_buffer                               0x20000128   Data          14  keyboard.o(.bss.ADC_buffer)
    __temporary_stack_top$libspace           0x20000128   Data           0  libspace.o(.bss)
    BTmsg_TaskHandle                         0x20000138   Data           4  freertos.o(.bss.BTmsg_TaskHandle)
    BWrxmsg                                  0x2000013c   Data           1  freertos.o(.bss.BWrxmsg)
    JScontrolmsg                             0x200001be   Data           6  keyboard.o(.bss.JScontrolmsg)
    JSdataInitnum                            0x200001c4   Data           1  keyboard.o(.bss.JSdataInitnum)
    Joystick_TaskHandle                      0x200001c8   Data           4  freertos.o(.bss.Joystick_TaskHandle)
    Key                                      0x200001d0   Data         160  keyboard.o(.bss.Key)
    Key_TaskHandle                           0x20000270   Data           4  freertos.o(.bss.Key_TaskHandle)
    L1                                       0x20000274   Data           4  keyboard.o(.bss.L1)
    L2                                       0x20000278   Data           4  keyboard.o(.bss.L2)
    LCDLED_TaskHandle                        0x2000027c   Data           4  freertos.o(.bss.LCDLED_TaskHandle)
    R                                        0x20000280   Data           4  keyboard.o(.bss.R)
    TJCMsgQueue                              0x20000284   Data           4  tjc.o(.bss.TJCMsgQueue)
    TJCmsg_TaskHandle                        0x20000288   Data           4  freertos.o(.bss.TJCmsg_TaskHandle)
    TJCrxmsg                                 0x2000028c   Data           1  freertos.o(.bss.TJCrxmsg)
    TJCshow_TaskHandle                       0x20000290   Data           4  freertos.o(.bss.TJCshow_TaskHandle)
    U2DataFrame                              0x20000294   Data         140  data_process.o(.bss.U2DataFrame)
    USARTmsgRxQueue                          0x20000320   Data           4  msg_queue.o(.bss.USARTmsgRxQueue)
    USARTmsgTxQueue                          0x20000324   Data           4  msg_queue.o(.bss.USARTmsgTxQueue)
    _tic                                     0x20000328   Data           1  keyboard.o(.bss._tic)
    bwTemp                                   0x20000329   Data           1  bw.o(.bss.bwTemp)
    dualswitchvalIndex                       0x2000032a   Data           1  tjc.o(.bss.dualswitchvalIndex)
    flag                                     0x2000032b   Data           9  variables.o(.bss.flag)
    hadc1                                    0x20000334   Data          72  adc.o(.bss.hadc1)
    hdma_adc1                                0x2000037c   Data          96  adc.o(.bss.hdma_adc1)
    hdma_tim3_ch4_up                         0x200003dc   Data          96  tim.o(.bss.hdma_tim3_ch4_up)
    hdma_usart2_rx                           0x2000043c   Data          96  usart.o(.bss.hdma_usart2_rx)
    hdma_usart2_tx                           0x2000049c   Data          96  usart.o(.bss.hdma_usart2_tx)
    hdma_usart3_rx                           0x200004fc   Data          96  usart.o(.bss.hdma_usart3_rx)
    hdma_usart3_tx                           0x2000055c   Data          96  usart.o(.bss.hdma_usart3_tx)
    hspi1                                    0x200005bc   Data          88  spi.o(.bss.hspi1)
    htim1                                    0x20000614   Data          72  stm32f4xx_hal_timebase_tim.o(.bss.htim1)
    htim3                                    0x2000065c   Data          72  tim.o(.bss.htim3)
    huart2                                   0x200006a4   Data          72  usart.o(.bss.huart2)
    huart3                                   0x200006ec   Data          72  usart.o(.bss.huart3)
    keyturn                                  0x20000734   Data           1  keyboard.o(.bss.keyturn)
    left1_LPF                                0x20000738   Data          16  utility.o(.bss.left1_LPF)
    left2_LPF                                0x20000748   Data          16  utility.o(.bss.left2_LPF)
    left3_LPF                                0x20000758   Data          16  utility.o(.bss.left3_LPF)
    left4_LPF                                0x20000768   Data          16  utility.o(.bss.left4_LPF)
    msgSendTemp                              0x20000778   Data          50  tjc.o(.bss.msgSendTemp)
    pxCurrentTCB                             0x200008a0   Data           4  tasks.o(.bss.pxCurrentTCB)
    r1backmsg                                0x20000d18   Data          24  msg_type.o(.bss.r1backmsg)
    r1controlmsg                             0x20000d30   Data          31  msg_type.o(.bss.r1controlmsg)
    r2backmsg                                0x20000d50   Data          20  msg_type.o(.bss.r2backmsg)
    r2controlmsg                             0x20000d64   Data          19  msg_type.o(.bss.r2controlmsg)
    right1_LPF                               0x20000d78   Data          16  utility.o(.bss.right1_LPF)
    right2_LPF                               0x20000d88   Data          16  utility.o(.bss.right2_LPF)
    temp                                     0x20000d98   Data          20  variables.o(.bss.temp)
    tjcTemp                                  0x20000dac   Data           1  tjc.o(.bss.tjcTemp)
    uwTick                                   0x2000407c   Data           4  stm32f4xx_hal.o(.bss.uwTick)
    xQueueRegistry                           0x200047d4   Data          64  queue.o(.bss.xQueueRegistry)



==============================================================================

Memory Map of the image

  Image Entry point : 0x08000189

  Load Region LR_IROM1 (Base: 0x08000000, Size: 0x0000e140, Max: 0x00100000, ABSOLUTE)

    Execution Region ER_IROM1 (Exec base: 0x08000000, Load base: 0x08000000, Size: 0x0000e078, Max: 0x00100000, ABSOLUTE)

    Exec Addr    Load Addr    Size         Type   Attr      Idx    E Section Name        Object

    0x08000000   0x08000000   0x00000188   Data   RO            3    RESET               startup_stm32f405xx.o
    0x08000188   0x08000188   0x00000008   Code   RO         2341  * !!!main             c_w.l(__main.o)
    0x08000190   0x08000190   0x0000005c   Code   RO         2593    !!!scatter          c_w.l(__scatter.o)
    0x080001ec   0x080001ec   0x0000001a   Code   RO         2597    !!handler_copy      c_w.l(__scatter_copy.o)
    0x08000206   0x08000206   0x00000002   PAD
    0x08000208   0x08000208   0x00000002   Code   RO         2594    !!handler_null      c_w.l(__scatter.o)
    0x0800020a   0x0800020a   0x00000002   PAD
    0x0800020c   0x0800020c   0x0000001c   Code   RO         2599    !!handler_zi        c_w.l(__scatter_zi.o)
    0x08000228   0x08000228   0x00000002   Code   RO         2538    .ARM.Collect$$libinit$$00000000  c_w.l(libinit.o)
    0x0800022a   0x0800022a   0x00000004   Code   RO         2397    .ARM.Collect$$libinit$$00000001  c_w.l(libinit2.o)
    0x0800022e   0x0800022e   0x00000000   Code   RO         2400    .ARM.Collect$$libinit$$00000004  c_w.l(libinit2.o)
    0x0800022e   0x0800022e   0x00000000   Code   RO         2402    .ARM.Collect$$libinit$$00000006  c_w.l(libinit2.o)
    0x0800022e   0x0800022e   0x00000008   Code   RO         2403    .ARM.Collect$$libinit$$00000007  c_w.l(libinit2.o)
    0x08000236   0x08000236   0x00000000   Code   RO         2405    .ARM.Collect$$libinit$$0000000C  c_w.l(libinit2.o)
    0x08000236   0x08000236   0x00000000   Code   RO         2407    .ARM.Collect$$libinit$$0000000E  c_w.l(libinit2.o)
    0x08000236   0x08000236   0x00000000   Code   RO         2409    .ARM.Collect$$libinit$$00000010  c_w.l(libinit2.o)
    0x08000236   0x08000236   0x00000000   Code   RO         2412    .ARM.Collect$$libinit$$00000013  c_w.l(libinit2.o)
    0x08000236   0x08000236   0x00000000   Code   RO         2414    .ARM.Collect$$libinit$$00000015  c_w.l(libinit2.o)
    0x08000236   0x08000236   0x00000000   Code   RO         2416    .ARM.Collect$$libinit$$00000017  c_w.l(libinit2.o)
    0x08000236   0x08000236   0x00000000   Code   RO         2418    .ARM.Collect$$libinit$$00000019  c_w.l(libinit2.o)
    0x08000236   0x08000236   0x00000000   Code   RO         2420    .ARM.Collect$$libinit$$0000001B  c_w.l(libinit2.o)
    0x08000236   0x08000236   0x00000000   Code   RO         2422    .ARM.Collect$$libinit$$0000001D  c_w.l(libinit2.o)
    0x08000236   0x08000236   0x00000000   Code   RO         2424    .ARM.Collect$$libinit$$0000001F  c_w.l(libinit2.o)
    0x08000236   0x08000236   0x00000000   Code   RO         2426    .ARM.Collect$$libinit$$00000021  c_w.l(libinit2.o)
    0x08000236   0x08000236   0x00000000   Code   RO         2428    .ARM.Collect$$libinit$$00000023  c_w.l(libinit2.o)
    0x08000236   0x08000236   0x00000000   Code   RO         2430    .ARM.Collect$$libinit$$00000025  c_w.l(libinit2.o)
    0x08000236   0x08000236   0x00000000   Code   RO         2432    .ARM.Collect$$libinit$$00000027  c_w.l(libinit2.o)
    0x08000236   0x08000236   0x00000000   Code   RO         2436    .ARM.Collect$$libinit$$0000002E  c_w.l(libinit2.o)
    0x08000236   0x08000236   0x00000000   Code   RO         2438    .ARM.Collect$$libinit$$00000030  c_w.l(libinit2.o)
    0x08000236   0x08000236   0x00000000   Code   RO         2440    .ARM.Collect$$libinit$$00000032  c_w.l(libinit2.o)
    0x08000236   0x08000236   0x00000000   Code   RO         2442    .ARM.Collect$$libinit$$00000034  c_w.l(libinit2.o)
    0x08000236   0x08000236   0x00000002   Code   RO         2443    .ARM.Collect$$libinit$$00000035  c_w.l(libinit2.o)
    0x08000238   0x08000238   0x00000002   Code   RO         2590    .ARM.Collect$$libshutdown$$00000000  c_w.l(libshutdown.o)
    0x0800023a   0x0800023a   0x00000000   Code   RO         2552    .ARM.Collect$$libshutdown$$00000002  c_w.l(libshutdown2.o)
    0x0800023a   0x0800023a   0x00000000   Code   RO         2554    .ARM.Collect$$libshutdown$$00000004  c_w.l(libshutdown2.o)
    0x0800023a   0x0800023a   0x00000000   Code   RO         2557    .ARM.Collect$$libshutdown$$00000007  c_w.l(libshutdown2.o)
    0x0800023a   0x0800023a   0x00000000   Code   RO         2560    .ARM.Collect$$libshutdown$$0000000A  c_w.l(libshutdown2.o)
    0x0800023a   0x0800023a   0x00000000   Code   RO         2562    .ARM.Collect$$libshutdown$$0000000C  c_w.l(libshutdown2.o)
    0x0800023a   0x0800023a   0x00000000   Code   RO         2565    .ARM.Collect$$libshutdown$$0000000F  c_w.l(libshutdown2.o)
    0x0800023a   0x0800023a   0x00000002   Code   RO         2566    .ARM.Collect$$libshutdown$$00000010  c_w.l(libshutdown2.o)
    0x0800023c   0x0800023c   0x00000000   Code   RO         2361    .ARM.Collect$$rtentry$$00000000  c_w.l(__rtentry.o)
    0x0800023c   0x0800023c   0x00000000   Code   RO         2469    .ARM.Collect$$rtentry$$00000002  c_w.l(__rtentry2.o)
    0x0800023c   0x0800023c   0x00000006   Code   RO         2481    .ARM.Collect$$rtentry$$00000004  c_w.l(__rtentry4.o)
    0x08000242   0x08000242   0x00000000   Code   RO         2471    .ARM.Collect$$rtentry$$00000009  c_w.l(__rtentry2.o)
    0x08000242   0x08000242   0x00000004   Code   RO         2472    .ARM.Collect$$rtentry$$0000000A  c_w.l(__rtentry2.o)
    0x08000246   0x08000246   0x00000000   Code   RO         2474    .ARM.Collect$$rtentry$$0000000C  c_w.l(__rtentry2.o)
    0x08000246   0x08000246   0x00000008   Code   RO         2475    .ARM.Collect$$rtentry$$0000000D  c_w.l(__rtentry2.o)
    0x0800024e   0x0800024e   0x00000002   Code   RO         2539    .ARM.Collect$$rtexit$$00000000  c_w.l(rtexit.o)
    0x08000250   0x08000250   0x00000000   Code   RO         2568    .ARM.Collect$$rtexit$$00000002  c_w.l(rtexit2.o)
    0x08000250   0x08000250   0x00000004   Code   RO         2569    .ARM.Collect$$rtexit$$00000003  c_w.l(rtexit2.o)
    0x08000254   0x08000254   0x00000006   Code   RO         2570    .ARM.Collect$$rtexit$$00000004  c_w.l(rtexit2.o)
    0x0800025a   0x0800025a   0x00000002   PAD
    0x0800025c   0x0800025c   0x00000040   Code   RO            4    .text               startup_stm32f405xx.o
    0x0800029c   0x0800029c   0x0000005e   Code   RO         2254    .text               c_w.l(h1_alloc.o)
    0x080002fa   0x080002fa   0x0000004e   Code   RO         2256    .text               c_w.l(h1_free.o)
    0x08000348   0x08000348   0x000000f0   Code   RO         2312    .text               c_w.l(lludivv7m.o)
    0x08000438   0x08000438   0x0000003e   Code   RO         2321    .text               c_w.l(strlen.o)
    0x08000476   0x08000476   0x00000018   Code   RO         2323    .text               c_w.l(strcat.o)
    0x0800048e   0x0800048e   0x0000008a   Code   RO         2325    .text               c_w.l(rt_memcpy_v6.o)
    0x08000518   0x08000518   0x00000064   Code   RO         2329    .text               c_w.l(rt_memcpy_w.o)
    0x0800057c   0x0800057c   0x00000010   Code   RO         2333    .text               c_w.l(aeabi_memset4.o)
    0x0800058c   0x0800058c   0x00000044   Code   RO         2335    .text               c_w.l(rt_memclr.o)
    0x080005d0   0x080005d0   0x0000004e   Code   RO         2337    .text               c_w.l(rt_memclr_w.o)
    0x0800061e   0x0800061e   0x00000006   Code   RO         2339    .text               c_w.l(heapauxi.o)
    0x08000624   0x08000624   0x00000008   Code   RO         2369    .text               c_w.l(rt_heap_descriptor_intlibspace.o)
    0x0800062c   0x0800062c   0x00000004   Code   RO         2371    .text               c_w.l(hguard.o)
    0x08000630   0x08000630   0x0000008a   Code   RO         2373    .text               c_w.l(init_alloc.o)
    0x080006ba   0x080006ba   0x0000000c   Code   RO         2377    .text               c_w.l(h1_init.o)
    0x080006c6   0x080006c6   0x0000000e   Code   RO         2453    .text               c_w.l(sys_wrch.o)
    0x080006d4   0x080006d4   0x0000000c   Code   RO         2457    .text               c_w.l(sys_exit.o)
    0x080006e0   0x080006e0   0x00000008   Code   RO         2465    .text               c_w.l(libspace.o)
    0x080006e8   0x080006e8   0x00000000   Code   RO         2487    .text               c_w.l(maybetermalloc1.o)
    0x080006e8   0x080006e8   0x00000034   Code   RO         2489    .text               c_w.l(h1_extend.o)
    0x0800071c   0x0800071c   0x0000000e   Code   RO         2497    .text               c_w.l(defsig_rtmem_outer.o)
    0x0800072a   0x0800072a   0x00000002   Code   RO         2508    .text               c_w.l(use_no_semi.o)
    0x0800072c   0x0800072c   0x00000000   Code   RO         2510    .text               c_w.l(indicate_semi.o)
    0x0800072c   0x0800072c   0x0000004a   Code   RO         2511    .text               c_w.l(sys_stackheap_outer.o)
    0x08000776   0x08000776   0x00000012   Code   RO         2517    .text               c_w.l(exit.o)
    0x08000788   0x08000788   0x0000000a   Code   RO         2519    .text               c_w.l(defsig_exit.o)
    0x08000792   0x08000792   0x00000002   PAD
    0x08000794   0x08000794   0x00000050   Code   RO         2527    .text               c_w.l(defsig_rtmem_inner.o)
    0x080007e4   0x080007e4   0x00000032   Code   RO         2547    .text               c_w.l(defsig_general.o)
    0x08000816   0x08000816   0x00000002   PAD
    0x08000818   0x08000818   0x0000006c   Code   RO          569    .text.ADC_DMAConvCplt  stm32f4xx_hal_adc.o
    0x08000884   0x08000884   0x00000012   Code   RO          573    .text.ADC_DMAError  stm32f4xx_hal_adc.o
    0x08000896   0x08000896   0x00000002   PAD
    0x08000898   0x08000898   0x00000006   Code   RO          571    .text.ADC_DMAHalfConvCplt  stm32f4xx_hal_adc.o
    0x0800089e   0x0800089e   0x00000002   PAD
    0x080008a0   0x080008a0   0x00000098   Code   RO           51    .text.BTmsgTask     freertos.o
    0x08000938   0x08000938   0x0000004e   Code   RO         1440    .text.BW16Init      bw.o
    0x08000986   0x08000986   0x00000002   PAD
    0x08000988   0x08000988   0x00000106   Code   RO         1446    .text.BW16Read      bw.o
    0x08000a8e   0x08000a8e   0x00000002   PAD
    0x08000a90   0x08000a90   0x0000004a   Code   RO         1596    .text.Beep          lcd.o
    0x08000ada   0x08000ada   0x00000002   PAD
    0x08000adc   0x08000adc   0x00000056   Code   RO         1422    .text.BoolChange    msg_type.o
    0x08000b32   0x08000b32   0x00000002   PAD
    0x08000b34   0x08000b34   0x0000003e   Code   RO         1424    .text.Boolback      msg_type.o
    0x08000b72   0x08000b72   0x00000002   PAD
    0x08000b74   0x08000b74   0x00000002   Code   RO          165    .text.BusFault_Handler  stm32f4xx_it.o
    0x08000b76   0x08000b76   0x00000002   PAD
    0x08000b78   0x08000b78   0x0000000c   Code   RO          171    .text.DMA1_Stream1_IRQHandler  stm32f4xx_it.o
    0x08000b84   0x08000b84   0x0000000c   Code   RO          173    .text.DMA1_Stream2_IRQHandler  stm32f4xx_it.o
    0x08000b90   0x08000b90   0x0000000c   Code   RO          175    .text.DMA1_Stream3_IRQHandler  stm32f4xx_it.o
    0x08000b9c   0x08000b9c   0x0000000c   Code   RO          177    .text.DMA1_Stream5_IRQHandler  stm32f4xx_it.o
    0x08000ba8   0x08000ba8   0x0000000c   Code   RO          179    .text.DMA1_Stream6_IRQHandler  stm32f4xx_it.o
    0x08000bb4   0x08000bb4   0x0000000c   Code   RO          187    .text.DMA2_Stream0_IRQHandler  stm32f4xx_it.o
    0x08000bc0   0x08000bc0   0x00000002   Code   RO          169    .text.DebugMon_Handler  stm32f4xx_it.o
    0x08000bc2   0x08000bc2   0x00000002   PAD
    0x08000bc4   0x08000bc4   0x00000380   Code   RO         1291    .text.Draw_Circle   st7735.o
    0x08000f44   0x08000f44   0x00000006   Code   RO           15    .text.Error_Handler  main.o
    0x08000f4a   0x08000f4a   0x00000002   PAD
    0x08000f4c   0x08000f4c   0x0000001a   Code   RO         1551    .text.FlagInit      variables.o
    0x08000f66   0x08000f66   0x00000002   PAD
    0x08000f68   0x08000f68   0x0000006e   Code   RO         1508    .text.GetMsg        tjc.o
    0x08000fd6   0x08000fd6   0x00000002   PAD
    0x08000fd8   0x08000fd8   0x00000138   Code   RO          581    .text.HAL_ADC_ConfigChannel  stm32f4xx_hal_adc.o
    0x08001110   0x08001110   0x00000002   Code   RO          561    .text.HAL_ADC_ConvCpltCallback  stm32f4xx_hal_adc.o
    0x08001112   0x08001112   0x00000002   PAD
    0x08001114   0x08001114   0x00000002   Code   RO          579    .text.HAL_ADC_ConvHalfCpltCallback  stm32f4xx_hal_adc.o
    0x08001116   0x08001116   0x00000002   PAD
    0x08001118   0x08001118   0x00000002   Code   RO          565    .text.HAL_ADC_ErrorCallback  stm32f4xx_hal_adc.o
    0x0800111a   0x0800111a   0x00000002   PAD
    0x0800111c   0x0800111c   0x00000152   Code   RO          539    .text.HAL_ADC_Init  stm32f4xx_hal_adc.o
    0x0800126e   0x0800126e   0x00000002   PAD
    0x08001270   0x08001270   0x00000100   Code   RO           81    .text.HAL_ADC_MspInit  adc.o
    0x08001370   0x08001370   0x0000019a   Code   RO          567    .text.HAL_ADC_Start_DMA  stm32f4xx_hal_adc.o
    0x0800150a   0x0800150a   0x00000002   PAD
    0x0800150c   0x0800150c   0x00000080   Code   RO          792    .text.HAL_DMA_Abort  stm32f4xx_hal_dma.o
    0x0800158c   0x0800158c   0x00000024   Code   RO          794    .text.HAL_DMA_Abort_IT  stm32f4xx_hal_dma.o
    0x080015b0   0x080015b0   0x000001ba   Code   RO          798    .text.HAL_DMA_IRQHandler  stm32f4xx_hal_dma.o
    0x0800176a   0x0800176a   0x00000002   PAD
    0x0800176c   0x0800176c   0x00000148   Code   RO          784    .text.HAL_DMA_Init  stm32f4xx_hal_dma.o
    0x080018b4   0x080018b4   0x000000a0   Code   RO          790    .text.HAL_DMA_Start_IT  stm32f4xx_hal_dma.o
    0x08001954   0x08001954   0x00000028   Code   RO          951    .text.HAL_Delay     stm32f4xx_hal.o
    0x0800197c   0x0800197c   0x0000019e   Code   RO          746    .text.HAL_GPIO_Init  stm32f4xx_hal_gpio.o
    0x08001b1a   0x08001b1a   0x00000002   PAD
    0x08001b1c   0x08001b1c   0x0000000a   Code   RO          750    .text.HAL_GPIO_ReadPin  stm32f4xx_hal_gpio.o
    0x08001b26   0x08001b26   0x00000002   PAD
    0x08001b28   0x08001b28   0x0000000a   Code   RO          752    .text.HAL_GPIO_WritePin  stm32f4xx_hal_gpio.o
    0x08001b32   0x08001b32   0x00000002   PAD
    0x08001b34   0x08001b34   0x0000000c   Code   RO          943    .text.HAL_GetTick   stm32f4xx_hal.o
    0x08001b40   0x08001b40   0x0000001a   Code   RO          941    .text.HAL_IncTick   stm32f4xx_hal.o
    0x08001b5a   0x08001b5a   0x00000002   PAD
    0x08001b5c   0x08001b5c   0x00000036   Code   RO          931    .text.HAL_Init      stm32f4xx_hal.o
    0x08001b92   0x08001b92   0x00000002   PAD
    0x08001b94   0x08001b94   0x000000a8   Code   RO          205    .text.HAL_InitTick  stm32f4xx_hal_timebase_tim.o
    0x08001c3c   0x08001c3c   0x00000042   Code   RO          196    .text.HAL_MspInit   stm32f4xx_hal_msp.o
    0x08001c7e   0x08001c7e   0x00000002   PAD
    0x08001c80   0x08001c80   0x00000022   Code   RO          883    .text.HAL_NVIC_EnableIRQ  stm32f4xx_hal_cortex.o
    0x08001ca2   0x08001ca2   0x00000002   PAD
    0x08001ca4   0x08001ca4   0x00000056   Code   RO          881    .text.HAL_NVIC_SetPriority  stm32f4xx_hal_cortex.o
    0x08001cfa   0x08001cfa   0x00000002   PAD
    0x08001cfc   0x08001cfc   0x00000020   Code   RO          879    .text.HAL_NVIC_SetPriorityGrouping  stm32f4xx_hal_cortex.o
    0x08001d1c   0x08001d1c   0x00000160   Code   RO          640    .text.HAL_RCC_ClockConfig  stm32f4xx_hal_rcc.o
    0x08001e7c   0x08001e7c   0x0000003e   Code   RO          658    .text.HAL_RCC_GetClockConfig  stm32f4xx_hal_rcc.o
    0x08001eba   0x08001eba   0x00000002   PAD
    0x08001ebc   0x08001ebc   0x00000026   Code   RO          652    .text.HAL_RCC_GetPCLK1Freq  stm32f4xx_hal_rcc.o
    0x08001ee2   0x08001ee2   0x00000002   PAD
    0x08001ee4   0x08001ee4   0x00000026   Code   RO          654    .text.HAL_RCC_GetPCLK2Freq  stm32f4xx_hal_rcc.o
    0x08001f0a   0x08001f0a   0x00000002   PAD
    0x08001f0c   0x08001f0c   0x00000068   Code   RO          642    .text.HAL_RCC_GetSysClockFreq  stm32f4xx_hal_rcc.o
    0x08001f74   0x08001f74   0x00000370   Code   RO          638    .text.HAL_RCC_OscConfig  stm32f4xx_hal_rcc.o
    0x080022e4   0x080022e4   0x000000b0   Code   RO         1022    .text.HAL_SPI_Init  stm32f4xx_hal_spi.o
    0x08002394   0x08002394   0x00000072   Code   RO          106    .text.HAL_SPI_MspInit  spi.o
    0x08002406   0x08002406   0x00000002   PAD
    0x08002408   0x08002408   0x00000222   Code   RO         1030    .text.HAL_SPI_Transmit  stm32f4xx_hal_spi.o
    0x0800262a   0x0800262a   0x00000002   PAD
    0x0800262c   0x0800262c   0x00000002   Code   RO          525    .text.HAL_TIMEx_BreakCallback  stm32f4xx_hal_tim_ex.o
    0x0800262e   0x0800262e   0x00000002   PAD
    0x08002630   0x08002630   0x00000002   Code   RO          521    .text.HAL_TIMEx_CommutCallback  stm32f4xx_hal_tim_ex.o
    0x08002632   0x08002632   0x00000002   PAD
    0x08002634   0x08002634   0x000000b6   Code   RO          515    .text.HAL_TIMEx_MasterConfigSynchronization  stm32f4xx_hal_tim_ex.o
    0x080026ea   0x080026ea   0x00000002   PAD
    0x080026ec   0x080026ec   0x0000005a   Code   RO          220    .text.HAL_TIM_Base_Init  stm32f4xx_hal_tim.o
    0x08002746   0x08002746   0x00000002   PAD
    0x08002748   0x08002748   0x00000080   Code   RO          123    .text.HAL_TIM_Base_MspInit  tim.o
    0x080027c8   0x080027c8   0x000000a8   Code   RO          234    .text.HAL_TIM_Base_Start_IT  stm32f4xx_hal_tim.o
    0x08002870   0x08002870   0x0000019a   Code   RO          400    .text.HAL_TIM_ConfigClockSource  stm32f4xx_hal_tim.o
    0x08002a0a   0x08002a0a   0x00000002   PAD
    0x08002a0c   0x08002a0c   0x00000002   Code   RO          356    .text.HAL_TIM_IC_CaptureCallback  stm32f4xx_hal_tim.o
    0x08002a0e   0x08002a0e   0x00000002   PAD
    0x08002a10   0x08002a10   0x0000014a   Code   RO          354    .text.HAL_TIM_IRQHandler  stm32f4xx_hal_tim.o
    0x08002b5a   0x08002b5a   0x00000002   PAD
    0x08002b5c   0x08002b5c   0x00000002   Code   RO          358    .text.HAL_TIM_OC_DelayElapsedCallback  stm32f4xx_hal_tim.o
    0x08002b5e   0x08002b5e   0x00000002   PAD
    0x08002b60   0x08002b60   0x00000214   Code   RO          374    .text.HAL_TIM_PWM_ConfigChannel  stm32f4xx_hal_tim.o
    0x08002d74   0x08002d74   0x0000005a   Code   RO          274    .text.HAL_TIM_PWM_Init  stm32f4xx_hal_tim.o
    0x08002dce   0x08002dce   0x00000002   PAD
    0x08002dd0   0x08002dd0   0x00000002   Code   RO          276    .text.HAL_TIM_PWM_MspInit  stm32f4xx_hal_tim.o
    0x08002dd2   0x08002dd2   0x00000002   PAD
    0x08002dd4   0x08002dd4   0x00000002   Code   RO          360    .text.HAL_TIM_PWM_PulseFinishedCallback  stm32f4xx_hal_tim.o
    0x08002dd6   0x08002dd6   0x00000002   PAD
    0x08002dd8   0x08002dd8   0x00000012   Code   RO           17    .text.HAL_TIM_PeriodElapsedCallback  main.o
    0x08002dea   0x08002dea   0x00000002   PAD
    0x08002dec   0x08002dec   0x00000002   Code   RO          364    .text.HAL_TIM_TriggerCallback  stm32f4xx_hal_tim.o
    0x08002dee   0x08002dee   0x00000002   PAD
    0x08002df0   0x08002df0   0x00000002   Code   RO         1224    .text.HAL_UARTEx_RxEventCallback  stm32f4xx_hal_uart.o
    0x08002df2   0x08002df2   0x00000002   PAD
    0x08002df4   0x08002df4   0x00000002   Code   RO         1222    .text.HAL_UART_ErrorCallback  stm32f4xx_hal_uart.o
    0x08002df6   0x08002df6   0x00000002   PAD
    0x08002df8   0x08002df8   0x00000574   Code   RO         1216    .text.HAL_UART_IRQHandler  stm32f4xx_hal_uart.o
    0x0800336c   0x0800336c   0x00000060   Code   RO         1138    .text.HAL_UART_Init  stm32f4xx_hal_uart.o
    0x080033cc   0x080033cc   0x000001e2   Code   RO          141    .text.HAL_UART_MspInit  usart.o
    0x080035ae   0x080035ae   0x00000002   PAD
    0x080035b0   0x080035b0   0x00000024   Code   RO         1172    .text.HAL_UART_Receive_DMA  stm32f4xx_hal_uart.o
    0x080035d4   0x080035d4   0x0000007c   Code   RO         1378    .text.HAL_UART_RxCpltCallback  usart_communication.o
    0x08003650   0x08003650   0x00000002   Code   RO         1232    .text.HAL_UART_RxHalfCpltCallback  stm32f4xx_hal_uart.o
    0x08003652   0x08003652   0x00000002   PAD
    0x08003654   0x08003654   0x000000d2   Code   RO         1164    .text.HAL_UART_Transmit_DMA  stm32f4xx_hal_uart.o
    0x08003726   0x08003726   0x00000002   PAD
    0x08003728   0x08003728   0x00000002   Code   RO         1226    .text.HAL_UART_TxCpltCallback  stm32f4xx_hal_uart.o
    0x0800372a   0x0800372a   0x00000002   PAD
    0x0800372c   0x0800372c   0x00000002   Code   RO         1228    .text.HAL_UART_TxHalfCpltCallback  stm32f4xx_hal_uart.o
    0x0800372e   0x0800372e   0x00000002   PAD
    0x08003730   0x08003730   0x00000230   Code   RO         1609    .text.Handle_Start  start.o
    0x08003960   0x08003960   0x00000002   Code   RO          161    .text.HardFault_Handler  stm32f4xx_it.o
    0x08003962   0x08003962   0x00000006   PAD
    0x08003968   0x08003968   0x00000078   Code   RO         1389    .text.InitLowPassFilter  utility.o
    0x080039e0   0x080039e0   0x000000ea   Code   RO         1582    .text.JS_mode_show  lcd.o
    0x08003aca   0x08003aca   0x00000002   PAD
    0x08003acc   0x08003acc   0x000001d4   Code   RO         1335    .text.JoystickInit  keyboard.o
    0x08003ca0   0x08003ca0   0x0000009e   Code   RO           47    .text.JoystickTask  freertos.o
    0x08003d3e   0x08003d3e   0x00000002   PAD
    0x08003d40   0x08003d40   0x0000023a   Code   RO         1323    .text.KeyInit       keyboard.o
    0x08003f7a   0x08003f7a   0x00000002   PAD
    0x08003f7c   0x08003f7c   0x00000016   Code   RO         1325    .text.KeyRead       keyboard.o
    0x08003f92   0x08003f92   0x00000002   PAD
    0x08003f94   0x08003f94   0x000001ca   Code   RO         1331    .text.KeyScan       keyboard.o
    0x0800415e   0x0800415e   0x00000002   PAD
    0x08004160   0x08004160   0x0000005c   Code   RO           45    .text.KeyTask       freertos.o
    0x080041bc   0x080041bc   0x00000042   Code   RO           53    .text.LCDLEDTask    freertos.o
    0x080041fe   0x080041fe   0x00000002   PAD
    0x08004200   0x08004200   0x0000022c   Code   RO         1283    .text.LCD_Address_Set  st7735.o
    0x0800442c   0x0800442c   0x0000010a   Code   RO         1295    .text.LCD_DrawLine  st7735.o
    0x08004536   0x08004536   0x00000002   PAD
    0x08004538   0x08004538   0x00000052   Code   RO         1297    .text.LCD_DrawRectangle  st7735.o
    0x0800458a   0x0800458a   0x00000002   PAD
    0x0800458c   0x0800458c   0x000000bc   Code   RO         1287    .text.LCD_Fill      st7735.o
    0x08004648   0x08004648   0x00000d9a   Code   RO         1285    .text.LCD_Init      st7735.o
    0x080053e2   0x080053e2   0x00000002   PAD
    0x080053e4   0x080053e4   0x0000024e   Code   RO         1299    .text.LCD_ShowChar  st7735.o
    0x08005632   0x08005632   0x00000002   PAD
    0x08005634   0x08005634   0x00000174   Code   RO         1307    .text.LCD_ShowFloatNum1  st7735.o
    0x080057a8   0x080057a8   0x0000001c   Code   RO         1580    .text.LCD_ShowHome  lcd.o
    0x080057c4   0x080057c4   0x00000284   Code   RO         1305    .text.LCD_ShowIntNum  st7735.o
    0x08005a48   0x08005a48   0x00000046   Code   RO         1301    .text.LCD_ShowString  st7735.o
    0x08005a8e   0x08005a8e   0x00000002   PAD
    0x08005a90   0x08005a90   0x000001e4   Code   RO         1592    .text.LCD_flash     lcd.o
    0x08005c74   0x08005c74   0x00000022   Code   RO         1397    .text.LowPassFilter  utility.o
    0x08005c96   0x08005c96   0x00000002   PAD
    0x08005c98   0x08005c98   0x00000122   Code   RO           79    .text.MX_ADC1_Init  adc.o
    0x08005dba   0x08005dba   0x00000002   PAD
    0x08005dbc   0x08005dbc   0x0000009c   Code   RO           95    .text.MX_DMA_Init   dma.o
    0x08005e58   0x08005e58   0x000000c4   Code   RO           41    .text.MX_FREERTOS_Init  freertos.o
    0x08005f1c   0x08005f1c   0x00000168   Code   RO           28    .text.MX_GPIO_Init  gpio.o
    0x08006084   0x08006084   0x00000046   Code   RO          104    .text.MX_SPI1_Init  spi.o
    0x080060ca   0x080060ca   0x00000002   PAD
    0x080060cc   0x080060cc   0x00000108   Code   RO          119    .text.MX_TIM3_Init  tim.o
    0x080061d4   0x080061d4   0x0000003c   Code   RO          137    .text.MX_USART2_UART_Init  usart.o
    0x08006210   0x08006210   0x0000003c   Code   RO          139    .text.MX_USART3_UART_Init  usart.o
    0x0800624c   0x0800624c   0x00000002   Code   RO          163    .text.MemManage_Handler  stm32f4xx_it.o
    0x0800624e   0x0800624e   0x00000002   PAD
    0x08006250   0x08006250   0x0000001a   Code   RO         1420    .text.MsgAddr       msg_type.o
    0x0800626a   0x0800626a   0x00000002   PAD
    0x0800626c   0x0800626c   0x000003fa   Code   RO         1510    .text.MsgDeal       tjc.o
    0x08006666   0x08006666   0x00000002   PAD
    0x08006668   0x08006668   0x0000000c   Code   RO         1418    .text.MsgLen        msg_type.o
    0x08006674   0x08006674   0x0000005a   Code   RO         1522    .text.MsgSend       tjc.o
    0x080066ce   0x080066ce   0x00000002   PAD
    0x080066d0   0x080066d0   0x00000002   Code   RO          159    .text.NMI_Handler   stm32f4xx_it.o
    0x080066d2   0x080066d2   0x0000000e   PAD
    0x080066e0   0x080066e0   0x00000064   Code   RO         2232    .text.PendSV_Handler  port.o
    0x08006744   0x08006744   0x00000092   Code   RO         1426    .text.Press         msg_type.o
    0x080067d6   0x080067d6   0x00000002   PAD
    0x080067d8   0x080067d8   0x00000108   Code   RO         1584    .text.R1_Interface  lcd.o
    0x080068e0   0x080068e0   0x0000004e   Code   RO         1530    .text.R1_TJC_val_show  tjc.o
    0x0800692e   0x0800692e   0x00000002   PAD
    0x08006930   0x08006930   0x0000012a   Code   RO         1345    .text.R1_key_function  keyboard.o
    0x08006a5a   0x08006a5a   0x00000002   PAD
    0x08006a5c   0x08006a5c   0x00000034   Code   RO         1347    .text.R1_toggle_function  keyboard.o
    0x08006a90   0x08006a90   0x00000040   Code   RO         1514    .text.R1dualswitchval_deal  tjc.o
    0x08006ad0   0x08006ad0   0x000000ec   Code   RO         1586    .text.R2_Interface  lcd.o
    0x08006bbc   0x08006bbc   0x00000086   Code   RO         1532    .text.R2_TJC_val_show  tjc.o
    0x08006c42   0x08006c42   0x00000002   PAD
    0x08006c44   0x08006c44   0x000000fc   Code   RO         1349    .text.R2_key_function  keyboard.o
    0x08006d40   0x08006d40   0x00000034   Code   RO         1351    .text.R2_toggle_function  keyboard.o
    0x08006d74   0x08006d74   0x000000b8   Code   RO         1518    .text.R2dualswitchval_deal  tjc.o
    0x08006e2c   0x08006e2c   0x000000e0   Code   RO         1128    .text.SPI_WaitFlagStateUntilTimeout  stm32f4xx_hal_spi.o
    0x08006f0c   0x08006f0c   0x00000004   PAD
    0x08006f10   0x08006f10   0x00000024   Code   RO         2216    .text.SVC_Handler   port.o
    0x08006f34   0x08006f34   0x0000001e   Code   RO         2017    .text.SysTick_Handler  cmsis_os2.o
    0x08006f52   0x08006f52   0x00000002   PAD
    0x08006f54   0x08006f54   0x000000aa   Code   RO           13    .text.SystemClock_Config  main.o
    0x08006ffe   0x08006ffe   0x00000002   PAD
    0x08007000   0x08007000   0x00000012   Code   RO         1260    .text.SystemInit    system_stm32f4xx.o
    0x08007012   0x08007012   0x00000002   PAD
    0x08007014   0x08007014   0x0000000c   Code   RO          181    .text.TIM1_UP_TIM10_IRQHandler  stm32f4xx_it.o
    0x08007020   0x08007020   0x0000012c   Code   RO          224    .text.TIM_Base_SetConfig  stm32f4xx_hal_tim.o
    0x0800714c   0x0800714c   0x00000036   Code   RO         1506    .text.TJCInit       tjc.o
    0x08007182   0x08007182   0x00000002   PAD
    0x08007184   0x08007184   0x00000042   Code   RO           49    .text.TJCmsgTask    freertos.o
    0x080071c6   0x080071c6   0x00000002   PAD
    0x080071c8   0x080071c8   0x00000044   Code   RO           43    .text.TJCshowTask   freertos.o
    0x0800720c   0x0800720c   0x00000026   Code   RO         1553    .text.TempInit      variables.o
    0x08007232   0x08007232   0x00000002   PAD
    0x08007234   0x08007234   0x00000088   Code   RO         1333    .text.ToggleScan    keyboard.o
    0x080072bc   0x080072bc   0x00000076   Code   RO         1588    .text.Toggle_status_show  lcd.o
    0x08007332   0x08007332   0x00000002   PAD
    0x08007334   0x08007334   0x0000000a   Code   RO         1220    .text.UART_DMAAbortOnError  stm32f4xx_hal_uart.o
    0x0800733e   0x0800733e   0x00000002   PAD
    0x08007340   0x08007340   0x0000017c   Code   RO         1170    .text.UART_DMAError  stm32f4xx_hal_uart.o
    0x080074bc   0x080074bc   0x0000015e   Code   RO         1248    .text.UART_DMAReceiveCplt  stm32f4xx_hal_uart.o
    0x0800761a   0x0800761a   0x00000002   PAD
    0x0800761c   0x0800761c   0x00000018   Code   RO         1250    .text.UART_DMARxHalfCplt  stm32f4xx_hal_uart.o
    0x08007634   0x08007634   0x000000b0   Code   RO         1166    .text.UART_DMATransmitCplt  stm32f4xx_hal_uart.o
    0x080076e4   0x080076e4   0x00000006   Code   RO         1168    .text.UART_DMATxHalfCplt  stm32f4xx_hal_uart.o
    0x080076ea   0x080076ea   0x00000002   PAD
    0x080076ec   0x080076ec   0x000000fa   Code   RO         1218    .text.UART_Receive_IT  stm32f4xx_hal_uart.o
    0x080077e6   0x080077e6   0x00000002   PAD
    0x080077e8   0x080077e8   0x000000de   Code   RO         1142    .text.UART_SetConfig  stm32f4xx_hal_uart.o
    0x080078c6   0x080078c6   0x00000002   PAD
    0x080078c8   0x080078c8   0x00000150   Code   RO         1174    .text.UART_Start_Receive_DMA  stm32f4xx_hal_uart.o
    0x08007a18   0x08007a18   0x0000000c   Code   RO          183    .text.USART2_IRQHandler  stm32f4xx_it.o
    0x08007a24   0x08007a24   0x0000000c   Code   RO          185    .text.USART3_IRQHandler  stm32f4xx_it.o
    0x08007a30   0x08007a30   0x00000002   Code   RO          167    .text.UsageFault_Handler  stm32f4xx_it.o
    0x08007a32   0x08007a32   0x00000002   PAD
    0x08007a34   0x08007a34   0x00000020   Code   RO         1458    .text.Usart2DataFrameInit  data_process.o
    0x08007a54   0x08007a54   0x0000008e   Code   RO         1462    .text.checkCRC      data_process.o
    0x08007ae2   0x08007ae2   0x00000002   PAD
    0x08007ae4   0x08007ae4   0x00000178   Code   RO         1466    .text.dataEncode    data_process.o
    0x08007c5c   0x08007c5c   0x00000038   Code   RO         1488    .text.deQueue       msg_queue.o
    0x08007c94   0x08007c94   0x00000034   Code   RO         1484    .text.enQueue       msg_queue.o
    0x08007cc8   0x08007cc8   0x00000080   Code   RO         1486    .text.enQueueLen    msg_queue.o
    0x08007d48   0x08007d48   0x0000013c   Code   RO         1337    .text.joystickLeft1_scan  keyboard.o
    0x08007e84   0x08007e84   0x000000c4   Code   RO         1339    .text.joystickLeft2_scan  keyboard.o
    0x08007f48   0x08007f48   0x000000d6   Code   RO         1341    .text.joystickRight_scan  keyboard.o
    0x0800801e   0x0800801e   0x00000002   PAD
    0x08008020   0x08008020   0x00000036   Code   RO           11    .text.main          main.o
    0x08008056   0x08008056   0x00000002   PAD
    0x08008058   0x08008058   0x00000020   Code   RO         1478    .text.newQueue      msg_queue.o
    0x08008078   0x08008078   0x00000020   Code   RO         2077    .text.osDelay       cmsis_os2.o
    0x08008098   0x08008098   0x00000028   Code   RO         2019    .text.osKernelInitialize  cmsis_os2.o
    0x080080c0   0x080080c0   0x0000003c   Code   RO         2025    .text.osKernelStart  cmsis_os2.o
    0x080080fc   0x080080fc   0x0000008e   Code   RO         2041    .text.osThreadNew   cmsis_os2.o
    0x0800818a   0x0800818a   0x00000002   PAD
    0x0800818c   0x0800818c   0x00000088   Code   RO         1524    .text.powerSend     tjc.o
    0x08008214   0x08008214   0x00000038   Code   RO         1343    .text.power_scan    keyboard.o
    0x0800824c   0x0800824c   0x0000011c   Code   RO         1827    .text.prvAddNewTaskToReadyList  tasks.o
    0x08008368   0x08008368   0x0000007c   Code   RO         1962    .text.prvCheckForValidListAndQueue  timers.o
    0x080083e4   0x080083e4   0x0000009a   Code   RO         1859    .text.prvIdleTask   tasks.o
    0x0800847e   0x0800847e   0x00000002   PAD
    0x08008480   0x08008480   0x00000102   Code   RO         1825    .text.prvInitialiseNewTask  tasks.o
    0x08008582   0x08008582   0x00000002   PAD
    0x08008584   0x08008584   0x00000028   Code   RO         2224    .text.prvPortStartFirstTask  port.o
    0x080085ac   0x080085ac   0x000000ca   Code   RO         1998    .text.prvSampleTimeNow  timers.o
    0x08008676   0x08008676   0x00000002   PAD
    0x08008678   0x08008678   0x0000003e   Code   RO         2214    .text.prvTaskExitError  port.o
    0x080086b6   0x080086b6   0x00000002   PAD
    0x080086b8   0x080086b8   0x0000024a   Code   RO         1964    .text.prvTimerTask  timers.o
    0x08008902   0x08008902   0x00000002   PAD
    0x08008904   0x08008904   0x00000074   Code   RO         1724    .text.prvUnlockQueue  queue.o
    0x08008978   0x08008978   0x00000210   Code   RO         2184    .text.pvPortMalloc  heap_4.o
    0x08008b88   0x08008b88   0x00000024   Code   RO         2212    .text.pxPortInitialiseStack  port.o
    0x08008bac   0x08008bac   0x00000022   Code   RO         1688    .text.uxListRemove  list.o
    0x08008bce   0x08008bce   0x00000002   PAD
    0x08008bd0   0x08008bd0   0x0000001a   Code   RO         2167    .text.vApplicationGetIdleTaskMemory  cmsis_os2.o
    0x08008bea   0x08008bea   0x00000002   PAD
    0x08008bec   0x08008bec   0x0000001c   Code   RO         2169    .text.vApplicationGetTimerTaskMemory  cmsis_os2.o
    0x08008c08   0x08008c08   0x00000002   Code   RO           37    .text.vApplicationIdleHook  freertos.o
    0x08008c0a   0x08008c0a   0x00000002   PAD
    0x08008c0c   0x08008c0c   0x00000002   Code   RO           39    .text.vApplicationStackOverflowHook  freertos.o
    0x08008c0e   0x08008c0e   0x00000002   PAD
    0x08008c10   0x08008c10   0x00000016   Code   RO         1680    .text.vListInitialise  list.o
    0x08008c26   0x08008c26   0x00000002   PAD
    0x08008c28   0x08008c28   0x00000006   Code   RO         1682    .text.vListInitialiseItem  list.o
    0x08008c2e   0x08008c2e   0x00000002   PAD
    0x08008c30   0x08008c30   0x00000060   Code   RO         1686    .text.vListInsert   list.o
    0x08008c90   0x08008c90   0x0000001a   Code   RO         1684    .text.vListInsertEnd  list.o
    0x08008caa   0x08008caa   0x00000002   PAD
    0x08008cac   0x08008cac   0x00000014   Code   RO         2222    .text.vPortEnableVFP  port.o
    0x08008cc0   0x08008cc0   0x00000046   Code   RO         2228    .text.vPortEnterCritical  port.o
    0x08008d06   0x08008d06   0x00000002   PAD
    0x08008d08   0x08008d08   0x0000002e   Code   RO         2230    .text.vPortExitCritical  port.o
    0x08008d36   0x08008d36   0x00000002   PAD
    0x08008d38   0x08008d38   0x000000e8   Code   RO         2186    .text.vPortFree     heap_4.o
    0x08008e20   0x08008e20   0x00000034   Code   RO         2220    .text.vPortSetupTimerInterrupt  port.o
    0x08008e54   0x08008e54   0x00000056   Code   RO         1758    .text.vQueueAddToRegistry  queue.o
    0x08008eaa   0x08008eaa   0x00000002   PAD
    0x08008eac   0x08008eac   0x00000046   Code   RO         1762    .text.vQueueWaitForMessageRestricted  queue.o
    0x08008ef2   0x08008ef2   0x00000002   PAD
    0x08008ef4   0x08008ef4   0x000000aa   Code   RO         1839    .text.vTaskDelay    tasks.o
    0x08008f9e   0x08008f9e   0x00000002   PAD
    0x08008fa0   0x08008fa0   0x0000001a   Code   RO         1889    .text.vTaskInternalSetTimeOutState  tasks.o
    0x08008fba   0x08008fba   0x00000002   PAD
    0x08008fbc   0x08008fbc   0x0000000e   Code   RO         1893    .text.vTaskMissedYield  tasks.o
    0x08008fca   0x08008fca   0x00000002   PAD
    0x08008fcc   0x08008fcc   0x00000096   Code   RO         1877    .text.vTaskPlaceOnEventList  tasks.o
    0x08009062   0x08009062   0x00000002   PAD
    0x08009064   0x08009064   0x000000a8   Code   RO         1881    .text.vTaskPlaceOnEventListRestricted  tasks.o
    0x0800910c   0x0800910c   0x00000108   Code   RO         1857    .text.vTaskStartScheduler  tasks.o
    0x08009214   0x08009214   0x00000010   Code   RO         1835    .text.vTaskSuspendAll  tasks.o
    0x08009224   0x08009224   0x00000102   Code   RO         1851    .text.vTaskSwitchContext  tasks.o
    0x08009326   0x08009326   0x00000002   PAD
    0x08009328   0x08009328   0x00000174   Code   RO         1526    .text.valSend       tjc.o
    0x0800949c   0x0800949c   0x0000018a   Code   RO         2218    .text.xPortStartScheduler  port.o
    0x08009626   0x08009626   0x00000002   PAD
    0x08009628   0x08009628   0x0000002e   Code   RO         2234    .text.xPortSysTickHandler  port.o
    0x08009656   0x08009656   0x00000002   PAD
    0x08009658   0x08009658   0x000000da   Code   RO         1700    .text.xQueueGenericCreateStatic  queue.o
    0x08009732   0x08009732   0x00000002   PAD
    0x08009734   0x08009734   0x00000298   Code   RO         1714    .text.xQueueGenericSend  queue.o
    0x080099cc   0x080099cc   0x00000224   Code   RO         1730    .text.xQueueReceive  queue.o
    0x08009bf0   0x08009bf0   0x0000008c   Code   RO         1891    .text.xTaskCheckForTimeOut  tasks.o
    0x08009c7c   0x08009c7c   0x0000005e   Code   RO         1829    .text.xTaskCreate   tasks.o
    0x08009cda   0x08009cda   0x00000002   PAD
    0x08009cdc   0x08009cdc   0x00000076   Code   RO         1823    .text.xTaskCreateStatic  tasks.o
    0x08009d52   0x08009d52   0x00000002   PAD
    0x08009d54   0x08009d54   0x00000026   Code   RO         1905    .text.xTaskGetSchedulerState  tasks.o
    0x08009d7a   0x08009d7a   0x00000002   PAD
    0x08009d7c   0x08009d7c   0x0000000c   Code   RO         1865    .text.xTaskGetTickCount  tasks.o
    0x08009d88   0x08009d88   0x0000016e   Code   RO         1863    .text.xTaskIncrementTick  tasks.o
    0x08009ef6   0x08009ef6   0x00000002   PAD
    0x08009ef8   0x08009ef8   0x0000009a   Code   RO         1909    .text.xTaskPriorityDisinherit  tasks.o
    0x08009f92   0x08009f92   0x00000002   PAD
    0x08009f94   0x08009f94   0x0000008e   Code   RO         1883    .text.xTaskRemoveFromEventList  tasks.o
    0x0800a022   0x0800a022   0x00000002   PAD
    0x0800a024   0x0800a024   0x00000134   Code   RO         1837    .text.xTaskResumeAll  tasks.o
    0x0800a158   0x0800a158   0x00000074   Code   RO         1960    .text.xTimerCreateTimerTask  timers.o
    0x0800a1cc   0x0800a1cc   0x00000062   Code   RO         2343    x$fpl$d2f           fz_wm.l(d2f.o)
    0x0800a22e   0x0800a22e   0x00000002   PAD
    0x0800a230   0x0800a230   0x00000150   Code   RO         2345    x$fpl$dadd          fz_wm.l(daddsub_clz.o)
    0x0800a380   0x0800a380   0x000002b8   Code   RO         2352    x$fpl$ddiv          fz_wm.l(ddiv.o)
    0x0800a638   0x0800a638   0x00000154   Code   RO         2355    x$fpl$dmul          fz_wm.l(dmul.o)
    0x0800a78c   0x0800a78c   0x0000009c   Code   RO         2444    x$fpl$dnaninf       fz_wm.l(dnaninf.o)
    0x0800a828   0x0800a828   0x0000000c   Code   RO         2446    x$fpl$dretinf       fz_wm.l(dretinf.o)
    0x0800a834   0x0800a834   0x000001dc   Code   RO         2347    x$fpl$dsub          fz_wm.l(daddsub_clz.o)
    0x0800aa10   0x0800aa10   0x00000056   Code   RO         2357    x$fpl$f2d           fz_wm.l(f2d.o)
    0x0800aa66   0x0800aa66   0x0000008c   Code   RO         2448    x$fpl$fnaninf       fz_wm.l(fnaninf.o)
    0x0800aaf2   0x0800aaf2   0x0000001a   Code   RO         2506    x$fpl$fpinit        fz_wm.l(fpinit.o)
    0x0800ab0c   0x0800ab0c   0x0000000a   Code   RO         2450    x$fpl$fretinf       fz_wm.l(fretinf.o)
    0x0800ab16   0x0800ab16   0x00000000   Code   RO         2452    x$fpl$usenofp       fz_wm.l(usenofp.o)
    0x0800ab16   0x0800ab16   0x00000010   Data   RO         1265    .rodata.AHBPrescTable  system_stm32f4xx.o
    0x0800ab26   0x0800ab26   0x00000008   Data   RO         1266    .rodata.APBPrescTable  system_stm32f4xx.o
    0x0800ab2e   0x0800ab2e   0x00000002   PAD
    0x0800ab30   0x0800ab30   0x00000024   Data   RO           60    .rodata.BTmsg_Task_attributes  freertos.o
    0x0800ab54   0x0800ab54   0x00000024   Data   RO           58    .rodata.Joystick_Task_attributes  freertos.o
    0x0800ab78   0x0800ab78   0x00000024   Data   RO           57    .rodata.Key_Task_attributes  freertos.o
    0x0800ab9c   0x0800ab9c   0x00000024   Data   RO           61    .rodata.LCDLED_Task_attributes  freertos.o
    0x0800abc0   0x0800abc0   0x00000024   Data   RO           59    .rodata.TJCmsg_Task_attributes  freertos.o
    0x0800abe4   0x0800abe4   0x00000024   Data   RO           56    .rodata.TJCshow_Task_attributes  freertos.o
    0x0800ac08   0x0800ac08   0x00000474   Data   RO         1311    .rodata.ascii_1206  st7735.o
    0x0800b07c   0x0800b07c   0x000005f0   Data   RO         1312    .rodata.ascii_1608  st7735.o
    0x0800b66c   0x0800b66c   0x000011d0   Data   RO         1313    .rodata.ascii_2412  st7735.o
    0x0800c83c   0x0800c83c   0x000017c0   Data   RO         1314    .rodata.ascii_3216  st7735.o
    0x0800dffc   0x0800dffc   0x00000008   Data   RO          808    .rodata.cst8        stm32f4xx_hal_dma.o
    0x0800e004   0x0800e004   0x00000047   Data   RO           55    .rodata.str1.1      freertos.o
    0x0800e04b   0x0800e04b   0x00000009   Data   RO         1600    .rodata.str1.1      lcd.o
    0x0800e054   0x0800e054   0x00000003   Data   RO         1611    .rodata.str1.1      start.o
    0x0800e057   0x0800e057   0x00000001   PAD
    0x0800e058   0x0800e058   0x00000020   Data   RO         2592    Region$$Table       anon$$obj.o


    Execution Region RW_IRAM1 (Exec base: 0x20000000, Load base: 0x0800e078, Size: 0x00006a58, Max: 0x0001c000, ABSOLUTE)

    Exec Addr    Load Addr    Size         Type   Attr      Idx    E Section Name        Object

    0x20000000   0x0800e078   0x00000001   Data   RW         1367    .data.Dead_zone     keyboard.o
    0x20000001   0x0800e079   0x00000001   PAD
    0x20000002   0x0800e07a   0x00000002   Data   RW         1368    .data.K             keyboard.o
    0x20000004   0x0800e07c   0x0000000c   Data   RW         1361    .data.L1val         keyboard.o
    0x20000010   0x0800e088   0x0000000c   Data   RW         1362    .data.L2val         keyboard.o
    0x2000001c   0x0800e094   0x0000000c   Data   RW         1363    .data.Rval          keyboard.o
    0x20000028   0x0800e0a0   0x00000004   Data   RW         1264    .data.SystemCoreClock  system_stm32f4xx.o
    0x2000002c   0x0800e0a4   0x00000068   Data   RW         1448    .data.bw            bw.o
    0x20000094   0x0800e10c   0x00000004   Data   RW         1537    .data.end           tjc.o
    0x20000098   0x0800e110   0x00000001   Data   RW         1539    .data.msgbackIndex  tjc.o
    0x20000099   0x0800e111   0x00000003   PAD
    0x2000009c   0x0800e114   0x0000001c   Data   RW         1534    .data.tjcMsg        tjc.o
    0x200000b8   0x0800e130   0x00000001   Data   RW          986    .data.uwTickFreq    stm32f4xx_hal.o
    0x200000b9   0x0800e131   0x00000003   PAD
    0x200000bc   0x0800e134   0x00000004   Data   RW          985    .data.uwTickPrio    stm32f4xx_hal.o
    0x200000c0   0x0800e138   0x00000004   Data   RW         2240    .data.uxCriticalNesting  port.o
    0x200000c4   0x0800e13c   0x00000004   PAD
    0x200000c8        -       0x00000060   Zero   RW         2466    .bss                c_w.l(libspace.o)
    0x20000128        -       0x0000000e   Zero   RW         1357    .bss.ADC_buffer     keyboard.o
    0x20000136   0x0800e13c   0x00000002   PAD
    0x20000138        -       0x00000004   Zero   RW           66    .bss.BTmsg_TaskHandle  freertos.o
    0x2000013c        -       0x00000001   Zero   RW           69    .bss.BWrxmsg        freertos.o
    0x2000013d        -       0x00000080   Zero   RW           70    .bss.BWtxbuffer     freertos.o
    0x200001bd   0x0800e13c   0x00000001   PAD
    0x200001be        -       0x00000006   Zero   RW         1369    .bss.JScontrolmsg   keyboard.o
    0x200001c4        -       0x00000001   Zero   RW         1356    .bss.JSdataInitnum  keyboard.o
    0x200001c5   0x0800e13c   0x00000003   PAD
    0x200001c8        -       0x00000004   Zero   RW           64    .bss.Joystick_TaskHandle  freertos.o
    0x200001cc        -       0x00000004   Zero   RW         2171    .bss.KernelState    cmsis_os2.o
    0x200001d0        -       0x000000a0   Zero   RW         1353    .bss.Key            keyboard.o
    0x20000270        -       0x00000004   Zero   RW           63    .bss.Key_TaskHandle  freertos.o
    0x20000274        -       0x00000004   Zero   RW         1358    .bss.L1             keyboard.o
    0x20000278        -       0x00000004   Zero   RW         1359    .bss.L2             keyboard.o
    0x2000027c        -       0x00000004   Zero   RW           67    .bss.LCDLED_TaskHandle  freertos.o
    0x20000280        -       0x00000004   Zero   RW         1360    .bss.R              keyboard.o
    0x20000284        -       0x00000004   Zero   RW         1535    .bss.TJCMsgQueue    tjc.o
    0x20000288        -       0x00000004   Zero   RW           65    .bss.TJCmsg_TaskHandle  freertos.o
    0x2000028c        -       0x00000001   Zero   RW           68    .bss.TJCrxmsg       freertos.o
    0x2000028d   0x0800e13c   0x00000003   PAD
    0x20000290        -       0x00000004   Zero   RW           62    .bss.TJCshow_TaskHandle  freertos.o
    0x20000294        -       0x0000008c   Zero   RW         1469    .bss.U2DataFrame    data_process.o
    0x20000320        -       0x00000004   Zero   RW         1496    .bss.USARTmsgRxQueue  msg_queue.o
    0x20000324        -       0x00000004   Zero   RW         1497    .bss.USARTmsgTxQueue  msg_queue.o
    0x20000328        -       0x00000001   Zero   RW         1354    .bss._tic           keyboard.o
    0x20000329        -       0x00000001   Zero   RW         1449    .bss.bwTemp         bw.o
    0x2000032a        -       0x00000001   Zero   RW         1538    .bss.dualswitchvalIndex  tjc.o
    0x2000032b        -       0x00000009   Zero   RW         1555    .bss.flag           variables.o
    0x20000334        -       0x00000048   Zero   RW           85    .bss.hadc1          adc.o
    0x2000037c        -       0x00000060   Zero   RW           86    .bss.hdma_adc1      adc.o
    0x200003dc        -       0x00000060   Zero   RW          128    .bss.hdma_tim3_ch4_up  tim.o
    0x2000043c        -       0x00000060   Zero   RW          147    .bss.hdma_usart2_rx  usart.o
    0x2000049c        -       0x00000060   Zero   RW          148    .bss.hdma_usart2_tx  usart.o
    0x200004fc        -       0x00000060   Zero   RW          149    .bss.hdma_usart3_rx  usart.o
    0x2000055c        -       0x00000060   Zero   RW          150    .bss.hdma_usart3_tx  usart.o
    0x200005bc        -       0x00000058   Zero   RW          110    .bss.hspi1          spi.o
    0x20000614        -       0x00000048   Zero   RW          211    .bss.htim1          stm32f4xx_hal_timebase_tim.o
    0x2000065c        -       0x00000048   Zero   RW          127    .bss.htim3          tim.o
    0x200006a4        -       0x00000048   Zero   RW          145    .bss.huart2         usart.o
    0x200006ec        -       0x00000048   Zero   RW          146    .bss.huart3         usart.o
    0x20000734        -       0x00000001   Zero   RW         1355    .bss.keyturn        keyboard.o
    0x20000735   0x0800e13c   0x00000003   PAD
    0x20000738        -       0x00000010   Zero   RW         1404    .bss.left1_LPF      utility.o
    0x20000748        -       0x00000010   Zero   RW         1405    .bss.left2_LPF      utility.o
    0x20000758        -       0x00000010   Zero   RW         1406    .bss.left3_LPF      utility.o
    0x20000768        -       0x00000010   Zero   RW         1407    .bss.left4_LPF      utility.o
    0x20000778        -       0x00000032   Zero   RW         1540    .bss.msgSendTemp    tjc.o
    0x200007aa        -       0x000000a0   Zero   RW         2008    .bss.prvCheckForValidListAndQueue.ucStaticTimerQueueStorage  timers.o
    0x2000084a   0x0800e13c   0x00000002   PAD
    0x2000084c        -       0x00000050   Zero   RW         2007    .bss.prvCheckForValidListAndQueue.xStaticTimerQueue  timers.o
    0x2000089c        -       0x00000004   Zero   RW         2004    .bss.prvSampleTimeNow.xLastTime  timers.o
    0x200008a0        -       0x00000004   Zero   RW         1931    .bss.pxCurrentTCB   tasks.o
    0x200008a4        -       0x00000004   Zero   RW         2002    .bss.pxCurrentTimerList  timers.o
    0x200008a8        -       0x00000004   Zero   RW         1939    .bss.pxDelayedTaskList  tasks.o
    0x200008ac        -       0x00000004   Zero   RW         2196    .bss.pxEnd          heap_4.o
    0x200008b0        -       0x00000004   Zero   RW         1940    .bss.pxOverflowDelayedTaskList  tasks.o
    0x200008b4        -       0x00000004   Zero   RW         2003    .bss.pxOverflowTimerList  timers.o
    0x200008b8        -       0x00000460   Zero   RW         1942    .bss.pxReadyTasksLists  tasks.o
    0x20000d18        -       0x00000018   Zero   RW         1430    .bss.r1backmsg      msg_type.o
    0x20000d30        -       0x0000001f   Zero   RW         1428    .bss.r1controlmsg   msg_type.o
    0x20000d4f   0x0800e13c   0x00000001   PAD
    0x20000d50        -       0x00000014   Zero   RW         1431    .bss.r2backmsg      msg_type.o
    0x20000d64        -       0x00000013   Zero   RW         1429    .bss.r2controlmsg   msg_type.o
    0x20000d77   0x0800e13c   0x00000001   PAD
    0x20000d78        -       0x00000010   Zero   RW         1408    .bss.right1_LPF     utility.o
    0x20000d88        -       0x00000010   Zero   RW         1409    .bss.right2_LPF     utility.o
    0x20000d98        -       0x00000014   Zero   RW         1556    .bss.temp           variables.o
    0x20000dac        -       0x00000001   Zero   RW         1536    .bss.tjcTemp        tjc.o
    0x20000dad        -       0x000032c8   Zero   RW         2203    .bss.ucHeap         heap_4.o
    0x20004075        -       0x00000001   Zero   RW         2238    .bss.ucMaxSysCallPriority  port.o
    0x20004076   0x0800e13c   0x00000002   PAD
    0x20004078        -       0x00000004   Zero   RW         2239    .bss.ulMaxPRIGROUPValue  port.o
    0x2000407c        -       0x00000004   Zero   RW          987    .bss.uwTick         stm32f4xx_hal.o
    0x20004080        -       0x00000004   Zero   RW         1935    .bss.uxCurrentNumberOfTasks  tasks.o
    0x20004084        -       0x00000004   Zero   RW         1934    .bss.uxDeletedTasksWaitingCleanUp  tasks.o
    0x20004088        -       0x00000004   Zero   RW         1937    .bss.uxSchedulerSuspended  tasks.o
    0x2000408c        -       0x00000004   Zero   RW         1932    .bss.uxTaskNumber   tasks.o
    0x20004090        -       0x00000004   Zero   RW         1943    .bss.uxTopReadyPriority  tasks.o
    0x20004094        -       0x00000200   Zero   RW         2173    .bss.vApplicationGetIdleTaskMemory.Idle_Stack  cmsis_os2.o
    0x20004294        -       0x0000005c   Zero   RW         2172    .bss.vApplicationGetIdleTaskMemory.Idle_TCB  cmsis_os2.o
    0x200042f0        -       0x00000400   Zero   RW         2175    .bss.vApplicationGetTimerTaskMemory.Timer_Stack  cmsis_os2.o
    0x200046f0        -       0x0000005c   Zero   RW         2174    .bss.vApplicationGetTimerTaskMemory.Timer_TCB  cmsis_os2.o
    0x2000474c        -       0x00000014   Zero   RW         2005    .bss.xActiveTimerList1  timers.o
    0x20004760        -       0x00000014   Zero   RW         2006    .bss.xActiveTimerList2  timers.o
    0x20004774        -       0x00000001   Zero   RW         2197    .bss.xBlockAllocatedBit  heap_4.o
    0x20004775   0x0800e13c   0x00000003   PAD
    0x20004778        -       0x00000014   Zero   RW         1950    .bss.xDelayedTaskList1  tasks.o
    0x2000478c        -       0x00000014   Zero   RW         1951    .bss.xDelayedTaskList2  tasks.o
    0x200047a0        -       0x00000004   Zero   RW         2198    .bss.xFreeBytesRemaining  heap_4.o
    0x200047a4        -       0x00000004   Zero   RW         1945    .bss.xIdleTaskHandle  tasks.o
    0x200047a8        -       0x00000004   Zero   RW         2200    .bss.xMinimumEverFreeBytesRemaining  heap_4.o
    0x200047ac        -       0x00000004   Zero   RW         1946    .bss.xNextTaskUnblockTime  tasks.o
    0x200047b0        -       0x00000004   Zero   RW         1949    .bss.xNumOfOverflows  tasks.o
    0x200047b4        -       0x00000004   Zero   RW         2201    .bss.xNumberOfSuccessfulAllocations  heap_4.o
    0x200047b8        -       0x00000004   Zero   RW         2202    .bss.xNumberOfSuccessfulFrees  heap_4.o
    0x200047bc        -       0x00000004   Zero   RW         1948    .bss.xPendedTicks   tasks.o
    0x200047c0        -       0x00000014   Zero   RW         1944    .bss.xPendingReadyList  tasks.o
    0x200047d4        -       0x00000040   Zero   RW         1764    .bss.xQueueRegistry  queue.o
    0x20004814        -       0x00000004   Zero   RW         1936    .bss.xSchedulerRunning  tasks.o
    0x20004818        -       0x00000008   Zero   RW         2199    .bss.xStart         heap_4.o
    0x20004820        -       0x00000014   Zero   RW         1941    .bss.xSuspendedTaskList  tasks.o
    0x20004834        -       0x00000014   Zero   RW         1933    .bss.xTasksWaitingTermination  tasks.o
    0x20004848        -       0x00000004   Zero   RW         1938    .bss.xTickCount     tasks.o
    0x2000484c        -       0x00000004   Zero   RW         2000    .bss.xTimerQueue    timers.o
    0x20004850        -       0x00000004   Zero   RW         2001    .bss.xTimerTaskHandle  timers.o
    0x20004854        -       0x00000004   Zero   RW         1947    .bss.xYieldPending  tasks.o
    0x20004858        -       0x00001200   Zero   RW            2    HEAP                startup_stm32f405xx.o
    0x20005a58        -       0x00001000   Zero   RW            1    STACK               startup_stm32f405xx.o


    Execution Region RW_IRAM2 (Exec base: 0x2001c000, Load base: 0x0800e140, Size: 0x00000000, Max: 0x00004000, ABSOLUTE)

    **** No section assigned to this execution region ****


==============================================================================

Image component sizes


      Code (inc. data)   RO Data    RW Data    ZI Data      Debug   Object Name

       546          0          0          0        168       5758   adc.o
       340          0          0        104          1       2933   bw.o
       358          0          0          0       1724      42443   cmsis_os2.o
       550          0          0          0        140       3892   data_process.o
       156          0          0          0          0       3468   dma.o
       802          0        287          0        154       5607   freertos.o
       360          0          0          0          0       2342   gpio.o
       760          0          0          0      13029       5636   heap_4.o
      3090         48          0         39        195       9660   keyboard.o
      1438         64          9          0          0       3888   lcd.o
       184          0          0          0          0       2320   list.o
       248          0          0          0          0       6188   main.o
       268          0          0          0          8       3347   msg_queue.o
       332          0          0          0         94       4023   msg_type.o
       902         16          0          4          5       4356   port.o
      1702          0          0          0         64      27950   queue.o
       184          0          0          0         88       5054   spi.o
      7146          4      13300          0          0      24792   st7735.o
       560        140          3          0          0       1612   start.o
        64         26        392          0       8704        820   startup_stm32f405xx.o
       132          0          0          5          4       7256   stm32f4xx_hal.o
      1198          0          0          0          0      12120   stm32f4xx_hal_adc.o
       152          0          0          0          0      10675   stm32f4xx_hal_cortex.o
      1094          4          8          0          0      10272   stm32f4xx_hal_dma.o
       434          0          0          0          0       5357   stm32f4xx_hal_gpio.o
        66          0          0          0          0       3489   stm32f4xx_hal_msp.o
      1474          0          0          0          0       7381   stm32f4xx_hal_rcc.o
       946          0          0          0          0      25561   stm32f4xx_hal_spi.o
      1930          4          0          0          0      56274   stm32f4xx_hal_tim.o
       186          0          0          0          0      21291   stm32f4xx_hal_tim_ex.o
       168          0          0          0         72       7140   stm32f4xx_hal_timebase_tim.o
      3502          0          0          0          0      29561   stm32f4xx_hal_uart.o
       120          0          0          0          0       6189   stm32f4xx_it.o
        18          0         24          4          0       2654   system_stm32f4xx.o
      3134          8          0          0       1280      42393   tasks.o
       392          0          0          0        168       6795   tim.o
      1028         26          0          0        300      16006   timers.o
      2240         76          0         33         56      12342   tjc.o
       602          0          0          0        528       7451   usart.o
       124          0          0          0          0       3562   usart_communication.o
       154         16          0          0         96       3917   utility.o
        64          0          0          0         29       1256   variables.o

    ----------------------------------------------------------------------
     39412        432      14058        196      26932     465031   Object Totals
         0          0         32          0          0          0   (incl. Generated)
       264          0          3          7         25          0   (incl. Padding)

    ----------------------------------------------------------------------

      Code (inc. data)   RO Data    RW Data    ZI Data      Debug   Library Member Name

         8          0          0          0          0         68   __main.o
         0          0          0          0          0          0   __rtentry.o
        12          0          0          0          0          0   __rtentry2.o
         6          0          0          0          0          0   __rtentry4.o
        94          8          0          0          0          0   __scatter.o
        26          0          0          0          0          0   __scatter_copy.o
        28          0          0          0          0          0   __scatter_zi.o
        16          0          0          0          0         68   aeabi_memset4.o
        10          0          0          0          0         68   defsig_exit.o
        50          0          0          0          0         88   defsig_general.o
        80         58          0          0          0         76   defsig_rtmem_inner.o
        14          0          0          0          0         80   defsig_rtmem_outer.o
        18          0          0          0          0         80   exit.o
        94          0          0          0          0         80   h1_alloc.o
        52          0          0          0          0         68   h1_extend.o
        78          0          0          0          0         80   h1_free.o
        12          0          0          0          0         84   h1_init.o
         6          0          0          0          0        152   heapauxi.o
         4          0          0          0          0        136   hguard.o
         0          0          0          0          0          0   indicate_semi.o
       138          0          0          0          0        168   init_alloc.o
         2          0          0          0          0          0   libinit.o
        14          0          0          0          0          0   libinit2.o
         2          0          0          0          0          0   libshutdown.o
         2          0          0          0          0          0   libshutdown2.o
         8          4          0          0         96         68   libspace.o
       240          0          0          0          0        100   lludivv7m.o
         0          0          0          0          0          0   maybetermalloc1.o
         8          4          0          0          0         68   rt_heap_descriptor_intlibspace.o
        68          0          0          0          0         68   rt_memclr.o
        78          0          0          0          0         80   rt_memclr_w.o
       138          0          0          0          0         68   rt_memcpy_v6.o
       100          0          0          0          0         80   rt_memcpy_w.o
         2          0          0          0          0          0   rtexit.o
        10          0          0          0          0          0   rtexit2.o
        24          0          0          0          0         68   strcat.o
        62          0          0          0          0         76   strlen.o
        12          4          0          0          0         68   sys_exit.o
        74          0          0          0          0         80   sys_stackheap_outer.o
        14          0          0          0          0         76   sys_wrch.o
         2          0          0          0          0         68   use_no_semi.o
        98          4          0          0          0        140   d2f.o
       812         16          0          0          0        392   daddsub_clz.o
       696        140          0          0          0        264   ddiv.o
       340         12          0          0          0        152   dmul.o
       156          4          0          0          0        140   dnaninf.o
        12          0          0          0          0        116   dretinf.o
        86          4          0          0          0        132   f2d.o
       140          4          0          0          0        132   fnaninf.o
        26          0          0          0          0        116   fpinit.o
        10          0          0          0          0        116   fretinf.o
         0          0          0          0          0          0   usenofp.o

    ----------------------------------------------------------------------
      3994        262          0          0         96       3964   Library Totals
        12          0          0          0          0          0   (incl. Padding)

    ----------------------------------------------------------------------

      Code (inc. data)   RO Data    RW Data    ZI Data      Debug   Library Name

      1606         78          0          0         96       2264   c_w.l
      2376        184          0          0          0       1700   fz_wm.l

    ----------------------------------------------------------------------
      3994        262          0          0         96       3964   Library Totals

    ----------------------------------------------------------------------

==============================================================================


      Code (inc. data)   RO Data    RW Data    ZI Data      Debug   

     43406        694      14058        196      27028     466015   Grand Totals
     43406        694      14058        196      27028     466015   ELF Image Totals
     43406        694      14058        196          0          0   ROM Totals

==============================================================================

    Total RO  Size (Code + RO Data)                57464 (  56.12kB)
    Total RW  Size (RW Data + ZI Data)             27224 (  26.59kB)
    Total ROM Size (Code + RO Data + RW Data)      57660 (  56.31kB)

==============================================================================

